Microchip Technology Inc, v1.31 (A)

Tool Name:
  c:\program files (x86)\microchip\xc16\v1.31\bin\bin\..\bin/elf-ld.exe

Command:
  -p24FV32KA302 \
  -o \
  dist/default/debug/UCOS-TestENGPRS1.0.X.debug.elf \
  -Lc:/program files (x86)/microchip/xc16/v1.31/bin/bin/.. \
  -Lc:/program files (x86)/microchip/xc16/v1.31/bin/bin/../../lib \
  -Lc:/program files (x86)/microchip/xc16/v1.31/bin/bin/../../support/PIC24E/gld \
  -Lc:/program files (x86)/microchip/xc16/v1.31/bin/bin/../../support/PIC24F/gld \
  -Lc:/program files (x86)/microchip/xc16/v1.31/bin/bin/../../support/PIC24H/gld \
  -Lc:/program files (x86)/microchip/xc16/v1.31/bin/bin/../../support/dsPIC30F/gld \
  -Lc:/program files (x86)/microchip/xc16/v1.31/bin/bin/../../support/dsPIC33E/gld \
  -Lc:/program files (x86)/microchip/xc16/v1.31/bin/bin/../../support/dsPIC33F/gld \
  build/default/debug/App/app.o \
  build/default/debug/bsp/ADC.o \
  build/default/debug/bsp/IC.o \
  build/default/debug/bsp/ICN.o \
  build/default/debug/bsp/INT.o \
  build/default/debug/bsp/NVIC.o \
  build/default/debug/bsp/RS485.o \
  build/default/debug/bsp/RTCC.o \
  build/default/debug/bsp/SPI.o \
  build/default/debug/bsp/TIM.o \
  build/default/debug/bsp/bsp.o \
  build/default/debug/uC-CPU/cpu_bsp.o \
  build/default/debug/uC-CPU/cpu_core.o \
  build/default/debug/uCOS-II/Ports/os_cpu_c.o \
  build/default/debug/uCOS-II/Ports/os_cpu_a.o \
  build/default/debug/uCOS-II/Source/os_core.o \
  build/default/debug/uCOS-II/Source/os_flag.o \
  build/default/debug/uCOS-II/Source/os_mbox.o \
  build/default/debug/uCOS-II/Source/os_multi.o \
  build/default/debug/uCOS-II/Source/os_mutex.o \
  build/default/debug/uCOS-II/Source/os_q.o \
  build/default/debug/uCOS-II/Source/os_sem.o \
  build/default/debug/uCOS-II/Source/os_task.o \
  build/default/debug/uCOS-II/Source/os_time.o \
  -TC:\\Users\\ADMINI~1\\AppData\\Local\\Temp\\tmp00001858.00 \
  -TC:\\Users\\ADMINI~1\\AppData\\Local\\Temp\\tmp00001858.01 \
  -TC:\\Users\\ADMINI~1\\AppData\\Local\\Temp\\tmp00001858.02 \
  -TC:\\Users\\ADMINI~1\\AppData\\Local\\Temp\\tmp00001858.03 \
  -TC:\\Users\\ADMINI~1\\AppData\\Local\\Temp\\tmp00001858.04 \
  --defsym=__MPLAB_BUILD=1 \
  --defsym=__MPLAB_DEBUG=1 \
  --defsym=__DEBUG=1 \
  --defsym=__MPLAB_DEBUGGER_PK3=1 \
  -Tp24FV32KA302.gld.05 \
  --check-sections \
  --data-init \
  --pack-data \
  --handles \
  --isr \
  --no-gc-sections \
  --fill-upper=0 \
  --stackguard=16 \
  --no-force-link \
  --smart-io \
  -Map=dist/default/debug/UCOS-TestENGPRS1.0.X.debug.map \
  --memorysummary \
  dist/default/debug/memoryfile.xml \
  -start-group \
  --library=lega-pic30-elf \
  --library=m-elf \
  --library=lega-c-elf \
  -end-group \


Optional library libpPIC24Fxxx.a not found
Archive member included because of file (symbol)

c:/program files (x86)/microchip/xc16/v1.31/bin/bin/../../lib\liblega-pic30-elf.a(crt0_standard.o)
                              (__resetPRI)
c:/program files (x86)/microchip/xc16/v1.31/bin/bin/../../lib\liblega-pic30-elf.a(data_init_standard.o)
                              c:/program files (x86)/microchip/xc16/v1.31/bin/bin/../../lib\liblega-pic30-elf.a(crt0_standard.o) (__data_init_standard)
c:/program files (x86)/microchip/xc16/v1.31/bin/bin/../../lib\liblega-pic30-elf.a(crt_start_mode_normal.Leo)
                              (__crt_start_mode_normal)
c:/program files (x86)/microchip/xc16/v1.31/bin/bin/../../lib\libm-elf.a(divsi3.eo)
                              build/default/debug/bsp/bsp.o (___divsi3)
c:/program files (x86)/microchip/xc16/v1.31/bin/bin/../../lib\libm-elf.a(udivsi3.eo)
                              build/default/debug/bsp/bsp.o (___udivsi3)
c:/program files (x86)/microchip/xc16/v1.31/bin/bin/../../lib\libm-elf.a(mulsi3.eo)
                              build/default/debug/uCOS-II/Source/os_core.o (___mulsi3)
c:/program files (x86)/microchip/xc16/v1.31/bin/bin/../../lib\liblega-c-elf.a(mktime.XX_eo)
                              build/default/debug/bsp/TIM.o (_mktime)
c:/program files (x86)/microchip/xc16/v1.31/bin/bin/../../lib\liblega-c-elf.a(xttotm.XX_eo)
                              c:/program files (x86)/microchip/xc16/v1.31/bin/bin/../../lib\liblega-c-elf.a(mktime.XX_eo) (__Daysto)
c:/program files (x86)/microchip/xc16/v1.31/bin/bin/../../lib\liblega-c-elf.a(localtim.XX_elo)
                              c:/program files (x86)/microchip/xc16/v1.31/bin/bin/../../lib\liblega-c-elf.a(mktime.XX_eo) (__Tzoff)
c:/program files (x86)/microchip/xc16/v1.31/bin/bin/../../lib\liblega-c-elf.a(strtol.XX_elo)
                              c:/program files (x86)/microchip/xc16/v1.31/bin/bin/../../lib\liblega-c-elf.a(localtim.XX_elo) (_strtol)
c:/program files (x86)/microchip/xc16/v1.31/bin/bin/../../lib\liblega-c-elf.a(xgettime.XX_elo)
                              c:/program files (x86)/microchip/xc16/v1.31/bin/bin/../../lib\liblega-c-elf.a(localtim.XX_elo) (__Gettime)
[...]
Memory Configuration

Name             Origin             Length             Attributes
data             0x000800           0x000800           a !xr
reset            0x000000           0x000004  
ivt              0x000004           0x0000fc  
_reserved        0x000100           0x000004  
aivt             0x000104           0x0000fc  
program          0x000200           0x005600           xr
eedata           0x7ffe00           0x000200  
FBS              0xf80000           0x000002  
FGS              0xf80004           0x000002  
FOSCSEL          0xf80006           0x000002  
FOSC             0xf80008           0x000002  
FWDT             0xf8000a           0x000002  
FPOR             0xf8000c           0x000002  
FICD             0xf8000e           0x000002  
FDS              0xf80010           0x000002  
*default*        0x000000           0xffffffff  

Linker script and memory map

LOAD build/default/debug/App/app.o
LOAD build/default/debug/bsp/ADC.o
LOAD build/default/debug/bsp/IC.o
LOAD build/default/debug/bsp/ICN.o
LOAD build/default/debug/bsp/INT.o
LOAD build/default/debug/bsp/NVIC.o
LOAD build/default/debug/bsp/RS485.o
LOAD build/default/debug/bsp/RTCC.o
LOAD build/default/debug/bsp/SPI.o
LOAD build/default/debug/bsp/TIM.o
LOAD build/default/debug/bsp/bsp.o
LOAD build/default/debug/uC-CPU/cpu_bsp.o
LOAD build/default/debug/uC-CPU/cpu_core.o
LOAD build/default/debug/uCOS-II/Ports/os_cpu_c.o
LOAD build/default/debug/uCOS-II/Ports/os_cpu_a.o
LOAD build/default/debug/uCOS-II/Source/os_core.o
LOAD build/default/debug/uCOS-II/Source/os_flag.o
LOAD build/default/debug/uCOS-II/Source/os_mbox.o
LOAD build/default/debug/uCOS-II/Source/os_multi.o
LOAD build/default/debug/uCOS-II/Source/os_mutex.o
LOAD build/default/debug/uCOS-II/Source/os_q.o
LOAD build/default/debug/uCOS-II/Source/os_sem.o
LOAD build/default/debug/uCOS-II/Source/os_task.o
LOAD build/default/debug/uCOS-II/Source/os_time.o

reserve_data_0x800
                    0x0800         0x20
                    0x0820                  . = 0x20
 *fill*             0x0800         0x2000

reserve_data_0x820
                    0x0820          0x2
                    0x0822                  . = 0x2
 *fill*             0x0820          0x200

reserve_data_0x822
                    0x0822          0x2
                    0x0824                  . = 0x2
 *fill*             0x0822          0x200

reserve_data_0x824
                    0x0824          0x2
                    0x0826                  . = 0x2
 *fill*             0x0824          0x200

reserve_data_0x826
                    0x0826         0x2a
                    0x0850                  . = 0x2a
 *fill*             0x0826         0x2a00
                    0x0001                  __MPLAB_BUILD = 0x1
                    0x0001                  __MPLAB_DEBUG = 0x1
                    0x0001                  __DEBUG = 0x1
                    0x0001                  __MPLAB_DEBUGGER_PK3 = 0x1
LOAD pPIC24Fxxx
LOAD c:/program files (x86)/microchip/xc16/v1.31/bin/bin/../../lib\libfx-elf.a
                    0xf80000                  __FBS = 0xf80000
                    0xf80004                  __FGS = 0xf80004
                    0xf80006                  __FOSCSEL = 0xf80006
                    0xf80008                  __FOSC = 0xf80008
                    0xf8000a                  __FWDT = 0xf8000a
                    0xf8000c                  __FPOR = 0xf8000c
                    0xf8000e                  __FICD = 0xf8000e
                    0xf80010                  __FDS = 0xf80010
                    0x0001                  __NO_HANDLES = 0x1
                    0x0200                  __CODE_BASE = 0x200
                    0x5600                  __CODE_LENGTH = 0x5600
                    0x0004                  __IVT_BASE = 0x4
                    0x0104                  __AIVT_BASE = 0x104
                    0x0800                  __DATA_BASE = 0x800
                    0x0800                  __DATA_LENGTH = 0x800

.reset            0x000000          0x4
                  0x000000          0x2 SHORT 0x200 ABSOLUTE (__reset)
                  0x000001          0x2 SHORT 0x4
                  0x000002          0x2 SHORT 0x0 ((ABSOLUTE (__reset) >> 0x10) & 0x7f)
                  0x000003          0x2 SHORT 0x0

.text             0x000200       0x1688
 *(.init)
 .init            0x000200         0x4c c:/program files (x86)/microchip/xc16/v1.31/bin/bin/../../lib\liblega-pic30-elf.a(crt0_standard.o)
                  0x000200                  __resetPRI
                  0x000200                  __reset
                  0x00023c                  __psv_init
 .init            0x00024c         0x7c c:/program files (x86)/microchip/xc16/v1.31/bin/bin/../../lib\liblega-pic30-elf.a(data_init_standard.o)
                  0x000252                  __data_init_standard
                  0x000252                  __data_init
 *(.user_init)
 *(.handle)
 *(.isr*)
 .isr.text        0x0002dc         0xa2 build/default/debug/bsp/NVIC.o
                  0x0002dc                  __RTCCInterrupt
                  0x0002ec                  __T3Interrupt
                  0x0002fc                  __T1Interrupt
                  0x00030c                  __T4Interrupt
                  0x00031c                  __CNInterrupt
                  0x00032c                  __U1RXInterrupt
                  0x00033c                  __U2RXInterrupt
                  0x00034c                  __U2TXInterrupt
                  0x000350                  __U1ErrInterrupt
                  0x00035a                  __U2ErrInterrupt
                  0x000364                  __DefaultInterrupt
                  0x00037a                  __INT1Interrupt
 *(.libc)
 .libc            0x00037e         0x28 c:/program files (x86)/microchip/xc16/v1.31/bin/bin/../../lib\liblega-pic30-elf.a(sbrk.Leo)
                  0x00037e                  _sbrk
 .libc            0x0003a6          0x2 c:/program files (x86)/microchip/xc16/v1.31/bin/bin/../../lib\liblega-pic30-elf.a(getenv.Leo)
                  0x0003a6                  _getenv
 .libc            0x0003a8         0x1a c:/program files (x86)/microchip/xc16/v1.31/bin/bin/../../lib\liblega-pic30-elf.a(brk.Lelo)
                  0x0003a8                  _brk
 *(.libm)
 *(.libdsp)
 *(.lib*)
 .libpic30_crt_start_mode
                  0x0003c2          0x2 c:/program files (x86)/microchip/xc16/v1.31/bin/bin/../../lib\liblega-pic30-elf.a(crt_start_mode_normal.Leo)
                  0x0003c2                  __crt_start_mode
                  0x0003c2                  __crt_start_mode_normal
 .libm.divsi3     0x0003c4         0x1e c:/program files (x86)/microchip/xc16/v1.31/bin/bin/../../lib\libm-elf.a(divsi3.eo)
                  0x0003c4                  ___divsi3
 .libm.udivsi3    0x0003e2         0x20 c:/program files (x86)/microchip/xc16/v1.31/bin/bin/../../lib\libm-elf.a(udivsi3.eo)
                  0x0003e2                  ___udivsi3
 .libm.mulsi3     0x000402          0xc c:/program files (x86)/microchip/xc16/v1.31/bin/bin/../../lib\libm-elf.a(mulsi3.eo)
                  0x000402                  ___mulp32peds3
                  0x000402                  ___mulsi3
                  0x000402                  ___mulp32eds3
 .libc.mktime     0x00040e        0x118 c:/program files (x86)/microchip/xc16/v1.31/bin/bin/../../lib\liblega-c-elf.a(mktime.XX_eo)
                  0x00040e                  _mktime
 .libc._Daysto    0x000526         0x36 c:/program files (x86)/microchip/xc16/v1.31/bin/bin/../../lib\liblega-c-elf.a(xttotm.XX_eo)
                  0x000526                  __Daysto
 .libc._Ttotm     0x00055c         0xf0 c:/program files (x86)/microchip/xc16/v1.31/bin/bin/../../lib\liblega-c-elf.a(xttotm.XX_eo)
                  0x00055c                  __Ttotm
 .libc._Tzoff     0x00064c         0x86 c:/program files (x86)/microchip/xc16/v1.31/bin/bin/../../lib\liblega-c-elf.a(localtim.XX_elo)
                  0x00064c                  __Tzoff
 .libc.localtime
                  0x0006d2         0x14 c:/program files (x86)/microchip/xc16/v1.31/bin/bin/../../lib\liblega-c-elf.a(localtim.XX_elo)
                  0x0006d2                  _localtime
 .libc.strtol     0x0006e6         0x9a c:/program files (x86)/microchip/xc16/v1.31/bin/bin/../../lib\liblega-c-elf.a(strtol.XX_elo)
                  0x0006e6                  _strtol
 .libc._Gettime
                  0x000780         0x42 c:/program files (x86)/microchip/xc16/v1.31/bin/bin/../../lib\liblega-c-elf.a(xgettime.XX_elo)
                  0x000780                  __Gettime
 .libc.reformat
                  0x0007c2         0xc4 c:/program files (x86)/microchip/xc16/v1.31/bin/bin/../../lib\liblega-c-elf.a(xgetzone.XX_elo)
 .libc.getzone    0x000886         0x24 c:/program files (x86)/microchip/xc16/v1.31/bin/bin/../../lib\liblega-c-elf.a(xgetzone.XX_elo)
 .libc._Getzone
                  0x0008aa         0x14 c:/program files (x86)/microchip/xc16/v1.31/bin/bin/../../lib\liblega-c-elf.a(xgetzone.XX_elo)
                  0x0008aa                  __Getzone
 .libc._Tls_reg_rules
                  0x0008be          0x4 c:/program files (x86)/microchip/xc16/v1.31/bin/bin/../../lib\liblega-c-elf.a(xisdst.XX_elo)
 .libc._Tls_setupx_rules
                  0x0008c2         0x14 c:/program files (x86)/microchip/xc16/v1.31/bin/bin/../../lib\liblega-c-elf.a(xisdst.XX_elo)
 .libc.free_tls.clone.0
                  0x0008d6          0x4 c:/program files (x86)/microchip/xc16/v1.31/bin/bin/../../lib\liblega-c-elf.a(xisdst.XX_elo)
 .libc._Tls_dtor_rules
                  0x0008da          0x2 c:/program files (x86)/microchip/xc16/v1.31/bin/bin/../../lib\liblega-c-elf.a(xisdst.XX_elo)
                  0x0008da                  xisdst.XX_elo:__Tls_dtor_rules
 .libc._Isdst     0x0008dc        0x136 c:/program files (x86)/microchip/xc16/v1.31/bin/bin/../../lib\liblega-c-elf.a(xisdst.XX_elo)
                  0x0008dc                  __Isdst
 .libc._Stoul     0x000a12        0x166 c:/program files (x86)/microchip/xc16/v1.31/bin/bin/../../lib\liblega-c-elf.a(xstoul.XX_elo)
                  0x000a12                  __Stoul
 .libc.isalpha    0x000b78         0x14 c:/program files (x86)/microchip/xc16/v1.31/bin/bin/../../lib\liblega-c-elf.a(isalpha.XX_eso)
                  0x000b78                  _isalpha
 .libc.isspace    0x000b8c         0x10 c:/program files (x86)/microchip/xc16/v1.31/bin/bin/../../lib\liblega-c-elf.a(isspace.XX_eso)
                  0x000b8c                  _isspace
 .libc.tolower    0x000b9c          0xe c:/program files (x86)/microchip/xc16/v1.31/bin/bin/../../lib\liblega-c-elf.a(tolower.XX_eso)
                  0x000b9c                  _tolower
 .libc._Geterrno
                  0x000baa          0xc c:/program files (x86)/microchip/xc16/v1.31/bin/bin/../../lib\liblega-c-elf.a(errno.XX_eo)
                  0x000baa                  __Geterrno
 .libc.strchr     0x000bb6         0x18 c:/program files (x86)/microchip/xc16/v1.31/bin/bin/../../lib\liblega-c-elf.a(strchr.XX_eo)
                  0x000bb6                  _strchr
 .libc._Atexit    0x000bce         0x18 c:/program files (x86)/microchip/xc16/v1.31/bin/bin/../../lib\liblega-c-elf.a(xatexit.XX_eo)
                  0x000bce                  __Atexit
 .libc._Getptimes
                  0x000be6          0xc c:/program files (x86)/microchip/xc16/v1.31/bin/bin/../../lib\liblega-c-elf.a(asctime.XX_elo)
                  0x000be6                  __Getptimes
 .libc.asctime    0x000bf2         0x12 c:/program files (x86)/microchip/xc16/v1.31/bin/bin/../../lib\liblega-c-elf.a(asctime.XX_elo)
                  0x000bf2                  _asctime
 .libc.free       0x000c04         0x6a c:/program files (x86)/microchip/xc16/v1.31/bin/bin/../../lib\liblega-c-elf.a(free.XX_elo)
                  0x000c04                  _free
 .libc.findmem    0x000c6e         0x78 c:/program files (x86)/microchip/xc16/v1.31/bin/bin/../../lib\liblega-c-elf.a(malloc.XX_elo)
 .libc.malloc     0x000ce6         0x6e c:/program files (x86)/microchip/xc16/v1.31/bin/bin/../../lib\liblega-c-elf.a(malloc.XX_elo)
                  0x000ce6                  _malloc
 .libc.memchr     0x000d54         0x30 c:/program files (x86)/microchip/xc16/v1.31/bin/bin/../../lib\liblega-c-elf.a(memchr.XX_elo)
                  0x000d54                  _memchr
 .libc.strlen     0x000d84         0x18 c:/program files (x86)/microchip/xc16/v1.31/bin/bin/../../lib\liblega-c-elf.a(strlen.XX_elo)
                  0x000d84                  _strlen
 .libc.getint     0x000d9c         0x1e c:/program files (x86)/microchip/xc16/v1.31/bin/bin/../../lib\liblega-c-elf.a(xgetdst.XX_elo)
 .libc._Getdst    0x000dba        0x12a c:/program files (x86)/microchip/xc16/v1.31/bin/bin/../../lib\liblega-c-elf.a(xgetdst.XX_elo)
                  0x000dba                  __Getdst
 .libc._Getmem    0x000ee4         0x18 c:/program files (x86)/microchip/xc16/v1.31/bin/bin/../../lib\liblega-c-elf.a(xgetmem.XX_elo)
                  0x000ee4                  __Getmem
 .libc._CStrftime
                  0x000efc        0x156 c:/program files (x86)/microchip/xc16/v1.31/bin/bin/../../lib\liblega-c-elf.a(xstrftim.XX_elo)
                  0x000efc                  __CStrftime
 .libc.wkyr       0x001052         0x14 c:/program files (x86)/microchip/xc16/v1.31/bin/bin/../../lib\liblega-c-elf.a(xgentime.XX_eo)
 .libc.cmp_era_date
                  0x001066         0x8a c:/program files (x86)/microchip/xc16/v1.31/bin/bin/../../lib\liblega-c-elf.a(xgentime.XX_eo)
 .libc.isleapyr.clone.0
                  0x0010f0          0x2 c:/program files (x86)/microchip/xc16/v1.31/bin/bin/../../lib\liblega-c-elf.a(xgentime.XX_eo)
 .libc.ISOwkyr.clone.1
                  0x0010f2         0x62 c:/program files (x86)/microchip/xc16/v1.31/bin/bin/../../lib\liblega-c-elf.a(xgentime.XX_eo)
 .libc.ISOyear    0x001154         0x1e c:/program files (x86)/microchip/xc16/v1.31/bin/bin/../../lib\liblega-c-elf.a(xgentime.XX_eo)
 .libc.ISOweek.clone.2
                  0x001172         0x2c c:/program files (x86)/microchip/xc16/v1.31/bin/bin/../../lib\liblega-c-elf.a(xgentime.XX_eo)
 .libc.getval.clone.3
                  0x00119e         0x44 c:/program files (x86)/microchip/xc16/v1.31/bin/bin/../../lib\liblega-c-elf.a(xgentime.XX_eo)
 .libc.getera.clone.4
                  0x0011e2         0x84 c:/program files (x86)/microchip/xc16/v1.31/bin/bin/../../lib\liblega-c-elf.a(xgentime.XX_eo)
 .libc._Gentime
                  0x001266        0x414 c:/program files (x86)/microchip/xc16/v1.31/bin/bin/../../lib\liblega-c-elf.a(xgentime.XX_eo)
                  0x001266                  __Gentime
 .libc.memcpy     0x00167a         0x16 c:/program files (x86)/microchip/xc16/v1.31/bin/bin/../../lib\liblega-c-elf.a(memcpy.XX_elo)
                  0x00167a                  _memcpy
 .libm.eqsf2      0x001690          0x4 c:/program files (x86)/microchip/xc16/v1.31/bin/bin/../../lib\libm-elf.a(feqltle.eo)
                  0x001690                  ___eqsf2
                  0x001690                  ___ltsf2
                  0x001690                  ___lesf2
 .libm.floatdisf
                  0x001694         0x20 c:/program files (x86)/microchip/xc16/v1.31/bin/bin/../../lib\libm-elf.a(floatdisf.eo)
                  0x001694                  ___floatdisf
 .libm.floatundisf
                  0x0016b4         0x5e c:/program files (x86)/microchip/xc16/v1.31/bin/bin/../../lib\libm-elf.a(floatundisf.eo)
                  0x0016b4                  ___floatundisf
 .libm.fpack      0x001712         0x4c c:/program files (x86)/microchip/xc16/v1.31/bin/bin/../../lib\libm-elf.a(fpack.eo)
                  0x001712                  __fpack
 .libm.modsi3     0x00175e         0x1e c:/program files (x86)/microchip/xc16/v1.31/bin/bin/../../lib\libm-elf.a(modsi3.eo)
                  0x00175e                  ___modsi3
 .libm.umodsi3    0x00177c          0x6 c:/program files (x86)/microchip/xc16/v1.31/bin/bin/../../lib\libm-elf.a(umodsi3.eo)
                  0x00177c                  ___umodsi3
 .libm.__muldi3
                  0x001782         0x52 c:/program files (x86)/microchip/xc16/v1.31/bin/bin/../../lib\libm-elf.a(muldi3.eo)
                  0x001782                  ___muldi3
 .libm.fcompare
                  0x0017d4         0x36 c:/program files (x86)/microchip/xc16/v1.31/bin/bin/../../lib\libm-elf.a(fcompare.eo)
                  0x0017d4                  __fcompare
 .libm.funpack2
                  0x00180a         0x10 c:/program files (x86)/microchip/xc16/v1.31/bin/bin/../../lib\libm-elf.a(funpack2.eo)
                  0x00180a                  __funpack2
 .libm.umuldi3    0x00181a         0x44 c:/program files (x86)/microchip/xc16/v1.31/bin/bin/../../lib\libm-elf.a(umuldi3.eo)
                  0x00181a                  ___umuldi3
 .libm.funpack    0x00185e         0x2a c:/program files (x86)/microchip/xc16/v1.31/bin/bin/../../lib\libm-elf.a(funpack.eo)
                  0x00185e                  __funpack

usercode
 *(usercode)

__FBS             0xf80000          0x2
 *(__FBS.sec*)
 __FBS.sec        0xf80000          0x2 FBS
                  0xf80000                  __FBS.sec

__FGS             0xf80004          0x2
 *(__FGS.sec*)
 __FGS.sec        0xf80004          0x2 FGS
                  0xf80004                  __FGS.sec

__FOSCSEL
 *(__FOSCSEL.sec*)

__FOSC
 *(__FOSC.sec*)

__FWDT
 *(__FWDT.sec*)

__FPOR
 *(__FPOR.sec*)

__FICD
 *(__FICD.sec*)

__FDS
 *(__FDS.sec*)

.comment
 *(.comment)

.debug_info       0x000000       0xa898
 *(.debug_info)
 .debug_info      0x000000        0x2bb build/default/debug/App/app.o
 .debug_info      0x0002bb        0x772 build/default/debug/bsp/ADC.o
 .debug_info      0x000a2d        0x9c9 build/default/debug/bsp/IC.o
 .debug_info      0x0013f6        0x841 build/default/debug/bsp/ICN.o
 .debug_info      0x001c37        0x8a9 build/default/debug/bsp/INT.o
 .debug_info      0x0024e0        0xc63 build/default/debug/bsp/NVIC.o
 .debug_info      0x003143        0xffd build/default/debug/bsp/RS485.o
 .debug_info      0x004140        0x91a build/default/debug/bsp/RTCC.o
 .debug_info      0x004a5a        0xa4d build/default/debug/bsp/SPI.o
 .debug_info      0x0054a7       0x14a6 build/default/debug/bsp/TIM.o
 .debug_info      0x00694d        0x76d build/default/debug/bsp/bsp.o
 .debug_info      0x0070ba        0x144 build/default/debug/uC-CPU/cpu_bsp.o
 .debug_info      0x0071fe        0x5ce build/default/debug/uC-CPU/cpu_core.o
 .debug_info      0x0077cc        0x695 build/default/debug/uCOS-II/Ports/os_cpu_c.o
 .debug_info      0x007e61         0xa4 build/default/debug/uCOS-II/Ports/os_cpu_a.o
 .debug_info      0x007f05        0xe19 build/default/debug/uCOS-II/Source/os_core.o
 .debug_info      0x008d1e        0x121 build/default/debug/uCOS-II/Source/os_flag.o
 .debug_info      0x008e3f        0x121 build/default/debug/uCOS-II/Source/os_mbox.o
 .debug_info      0x008f60        0x16b build/default/debug/uCOS-II/Source/os_multi.o
 .debug_info      0x0090cb        0x122 build/default/debug/uCOS-II/Source/os_mutex.o
 .debug_info      0x0091ed        0x11e build/default/debug/uCOS-II/Source/os_q.o
 .debug_info      0x00930b        0x120 build/default/debug/uCOS-II/Source/os_sem.o
 .debug_info      0x00942b        0xcff build/default/debug/uCOS-II/Source/os_task.o
 .debug_info      0x00a12a        0x76e build/default/debug/uCOS-II/Source/os_time.o
 *(.gnu.linkonce.wi.*)

.debug_abbrev     0x000000       0x142d
 *(.debug_abbrev)
 .debug_abbrev    0x000000         0xc2 build/default/debug/App/app.o
 .debug_abbrev    0x0000c2         0xbe build/default/debug/bsp/ADC.o
 .debug_abbrev    0x000180         0xb8 build/default/debug/bsp/IC.o
 .debug_abbrev    0x000238         0xe9 build/default/debug/bsp/ICN.o
 .debug_abbrev    0x000321         0xa7 build/default/debug/bsp/INT.o
 .debug_abbrev    0x0003c8        0x158 build/default/debug/bsp/NVIC.o
 .debug_abbrev    0x000520        0x11e build/default/debug/bsp/RS485.o
 .debug_abbrev    0x00063e        0x131 build/default/debug/bsp/RTCC.o
 .debug_abbrev    0x00076f        0x15d build/default/debug/bsp/SPI.o
 .debug_abbrev    0x0008cc        0x19d build/default/debug/bsp/TIM.o
 .debug_abbrev    0x000a69        0x120 build/default/debug/bsp/bsp.o
 .debug_abbrev    0x000b89         0x1f build/default/debug/uC-CPU/cpu_bsp.o
 .debug_abbrev    0x000ba8         0xcb build/default/debug/uC-CPU/cpu_core.o
 .debug_abbrev    0x000c73        0x155 build/default/debug/uCOS-II/Ports/os_cpu_c.o
 .debug_abbrev    0x000dc8         0x14 build/default/debug/uCOS-II/Ports/os_cpu_a.o
 .debug_abbrev    0x000ddc        0x206 build/default/debug/uCOS-II/Source/os_core.o
 .debug_abbrev    0x000fe2         0x1f build/default/debug/uCOS-II/Source/os_flag.o
 .debug_abbrev    0x001001         0x1f build/default/debug/uCOS-II/Source/os_mbox.o
 .debug_abbrev    0x001020         0x1f build/default/debug/uCOS-II/Source/os_multi.o
 .debug_abbrev    0x00103f         0x1f build/default/debug/uCOS-II/Source/os_mutex.o
 .debug_abbrev    0x00105e         0x1f build/default/debug/uCOS-II/Source/os_q.o
 .debug_abbrev    0x00107d         0x1f build/default/debug/uCOS-II/Source/os_sem.o
 .debug_abbrev    0x00109c        0x20a build/default/debug/uCOS-II/Source/os_task.o
 .debug_abbrev    0x0012a6        0x187 build/default/debug/uCOS-II/Source/os_time.o

.debug_line       0x000000       0x1088
 *(.debug_line)
 .debug_line      0x000000         0x71 build/default/debug/App/app.o
 .debug_line      0x000071         0x9a build/default/debug/bsp/ADC.o
 .debug_line      0x00010b         0x9d build/default/debug/bsp/IC.o
 .debug_line      0x0001a8         0x96 build/default/debug/bsp/ICN.o
 .debug_line      0x00023e         0x9a build/default/debug/bsp/INT.o
 .debug_line      0x0002d8         0xd6 build/default/debug/bsp/NVIC.o
 .debug_line      0x0003ae         0xc6 build/default/debug/bsp/RS485.o
 .debug_line      0x000474         0xf2 build/default/debug/bsp/RTCC.o
 .debug_line      0x000566         0xed build/default/debug/bsp/SPI.o
 .debug_line      0x000653        0x148 build/default/debug/bsp/TIM.o
 .debug_line      0x00079b         0xfc build/default/debug/bsp/bsp.o
 .debug_line      0x000897         0x1a build/default/debug/uC-CPU/cpu_bsp.o
 .debug_line      0x0008b1         0xc5 build/default/debug/uC-CPU/cpu_core.o
 .debug_line      0x000976        0x103 build/default/debug/uCOS-II/Ports/os_cpu_c.o
 .debug_line      0x000a79         0x6f build/default/debug/uCOS-II/Ports/os_cpu_a.o
 .debug_line      0x000ae8        0x205 build/default/debug/uCOS-II/Source/os_core.o
 .debug_line      0x000ced         0x1a build/default/debug/uCOS-II/Source/os_flag.o
 .debug_line      0x000d07         0x1a build/default/debug/uCOS-II/Source/os_mbox.o
 .debug_line      0x000d21         0x1a build/default/debug/uCOS-II/Source/os_multi.o
 .debug_line      0x000d3b         0x1a build/default/debug/uCOS-II/Source/os_mutex.o
 .debug_line      0x000d55         0x1a build/default/debug/uCOS-II/Source/os_q.o
 .debug_line      0x000d6f         0x1a build/default/debug/uCOS-II/Source/os_sem.o
 .debug_line      0x000d89        0x1f0 build/default/debug/uCOS-II/Source/os_task.o
 .debug_line      0x000f79        0x10f build/default/debug/uCOS-II/Source/os_time.o

.debug_frame      0x000000        0xa68
 *(.debug_frame)
 .debug_frame     0x000000         0x50 build/default/debug/App/app.o
 .debug_frame     0x000050         0x34 build/default/debug/bsp/ADC.o
 .debug_frame     0x000084         0x24 build/default/debug/bsp/IC.o
 .debug_frame     0x0000a8         0x24 build/default/debug/bsp/ICN.o
 .debug_frame     0x0000cc         0x24 build/default/debug/bsp/INT.o
 .debug_frame     0x0000f0         0xd4 build/default/debug/bsp/NVIC.o
 .debug_frame     0x0001c4         0x44 build/default/debug/bsp/RS485.o
 .debug_frame     0x000208         0x64 build/default/debug/bsp/RTCC.o
 .debug_frame     0x00026c         0xe2 build/default/debug/bsp/SPI.o
 .debug_frame     0x00034e         0xbe build/default/debug/bsp/TIM.o
 .debug_frame     0x00040c         0xbc build/default/debug/bsp/bsp.o
 .debug_frame     0x0004c8         0xf8 build/default/debug/uC-CPU/cpu_core.o
 .debug_frame     0x0005c0         0xb4 build/default/debug/uCOS-II/Ports/os_cpu_c.o
 .debug_frame     0x000674        0x20a build/default/debug/uCOS-II/Source/os_core.o
 .debug_frame     0x00087e        0x16a build/default/debug/uCOS-II/Source/os_task.o
 .debug_frame     0x0009e8         0x80 build/default/debug/uCOS-II/Source/os_time.o

.debug_str        0x000000        0x51c
 *(.debug_str)
 .debug_str       0x000000         0x10 build/default/debug/App/app.o
 .debug_str       0x000010         0x37 build/default/debug/bsp/ADC.o
 .debug_str       0x000047         0x3d build/default/debug/bsp/IC.o
 .debug_str       0x000084         0x2f build/default/debug/bsp/ICN.o
 .debug_str       0x0000b3         0x43 build/default/debug/bsp/INT.o
 .debug_str       0x0000f6         0x68 build/default/debug/bsp/NVIC.o
 .debug_str       0x00015e         0x60 build/default/debug/bsp/RS485.o
 .debug_str       0x0001be         0x49 build/default/debug/bsp/RTCC.o
 .debug_str       0x000207         0x59 build/default/debug/bsp/SPI.o
 .debug_str       0x000260         0x99 build/default/debug/bsp/TIM.o
 .debug_str       0x0002f9         0x13 build/default/debug/bsp/bsp.o
 .debug_str       0x00030c         0x2c build/default/debug/uC-CPU/cpu_core.o
 .debug_str       0x000338          0xb build/default/debug/uCOS-II/Ports/os_cpu_c.o
 .debug_str       0x000343        0x124 build/default/debug/uCOS-II/Source/os_core.o
 .debug_str       0x000467         0x65 build/default/debug/uCOS-II/Source/os_task.o
 .debug_str       0x0004cc         0x50 build/default/debug/uCOS-II/Source/os_time.o

.debug_loc
 *(.debug_loc)

.debug_macinfo
 *(.debug_macinfo)

.debug_pubnames
                  0x000000        0xb03
 *(.debug_pubnames)
 .debug_pubnames
                  0x000000         0x77 build/default/debug/App/app.o
 .debug_pubnames
                  0x000077         0x2f build/default/debug/bsp/ADC.o
 .debug_pubnames
                  0x0000a6         0x27 build/default/debug/bsp/IC.o
 .debug_pubnames
                  0x0000cd         0x28 build/default/debug/bsp/ICN.o
 .debug_pubnames
                  0x0000f5         0x28 build/default/debug/bsp/INT.o
 .debug_pubnames
                  0x00011d        0x127 build/default/debug/bsp/NVIC.o
 .debug_pubnames
                  0x000244         0x43 build/default/debug/bsp/RS485.o
 .debug_pubnames
                  0x000287         0x6f build/default/debug/bsp/RTCC.o
 .debug_pubnames
                  0x0002f6         0xa6 build/default/debug/bsp/SPI.o
 .debug_pubnames
                  0x00039c         0xd6 build/default/debug/bsp/TIM.o
 .debug_pubnames
                  0x000472         0x88 build/default/debug/bsp/bsp.o
 .debug_pubnames
                  0x0004fa        0x132 build/default/debug/uC-CPU/cpu_core.o
 .debug_pubnames
                  0x00062c         0xcf build/default/debug/uCOS-II/Ports/os_cpu_c.o
 .debug_pubnames
                  0x0006fb        0x299 build/default/debug/uCOS-II/Source/os_core.o
 .debug_pubnames
                  0x000994        0x10d build/default/debug/uCOS-II/Source/os_task.o
 .debug_pubnames
                  0x000aa1         0x62 build/default/debug/uCOS-II/Source/os_time.o

.debug_ranges
 *(.debug_ranges)

.debug_aranges    0x000000        0x198
 *(.debug_aranges)
 .debug_aranges
                  0x000000         0x18 build/default/debug/App/app.o
 .debug_aranges
                  0x000018         0x18 build/default/debug/bsp/ADC.o
 .debug_aranges
                  0x000030         0x18 build/default/debug/bsp/IC.o
 .debug_aranges
                  0x000048         0x18 build/default/debug/bsp/ICN.o
 .debug_aranges
                  0x000060         0x18 build/default/debug/bsp/INT.o
 .debug_aranges
                  0x000078         0x18 build/default/debug/bsp/NVIC.o
 .debug_aranges
                  0x000090         0x18 build/default/debug/bsp/RS485.o
 .debug_aranges
                  0x0000a8         0x18 build/default/debug/bsp/RTCC.o
 .debug_aranges
                  0x0000c0         0x18 build/default/debug/bsp/SPI.o
 .debug_aranges
                  0x0000d8         0x18 build/default/debug/bsp/TIM.o
 .debug_aranges
                  0x0000f0         0x18 build/default/debug/bsp/bsp.o
 .debug_aranges
                  0x000108         0x18 build/default/debug/uC-CPU/cpu_core.o
 .debug_aranges
                  0x000120         0x18 build/default/debug/uCOS-II/Ports/os_cpu_c.o
 .debug_aranges
                  0x000138         0x18 build/default/debug/uCOS-II/Ports/os_cpu_a.o
 .debug_aranges
                  0x000150         0x18 build/default/debug/uCOS-II/Source/os_core.o
 .debug_aranges
                  0x000168         0x18 build/default/debug/uCOS-II/Source/os_task.o
 .debug_aranges
                  0x000180         0x18 build/default/debug/uCOS-II/Source/os_time.o
                    0x0000                  WREG0 = 0x0
                    0x0000                  _WREG0 = 0x0
                    0x0002                  WREG1 = 0x2
                    0x0002                  _WREG1 = 0x2
                    0x0004                  WREG2 = 0x4
                    0x0004                  _WREG2 = 0x4
                    0x0006                  WREG3 = 0x6
                    0x0006                  _WREG3 = 0x6
                    0x0008                  WREG4 = 0x8
                    0x0008                  _WREG4 = 0x8
                    0x000a                  WREG5 = 0xa
                    0x000a                  _WREG5 = 0xa
                    0x000c                  WREG6 = 0xc
                    0x000c                  _WREG6 = 0xc
                    0x000e                  WREG7 = 0xe
                    0x000e                  _WREG7 = 0xe
                    0x0010                  WREG8 = 0x10
                    0x0010                  _WREG8 = 0x10
                    0x0012                  WREG9 = 0x12
                    0x0012                  _WREG9 = 0x12
                    0x0014                  WREG10 = 0x14
                    0x0014                  _WREG10 = 0x14
                    0x0016                  WREG11 = 0x16
                    0x0016                  _WREG11 = 0x16
                    0x0018                  WREG12 = 0x18
                    0x0018                  _WREG12 = 0x18
                    0x001a                  WREG13 = 0x1a
                    0x001a                  _WREG13 = 0x1a
                    0x001c                  WREG14 = 0x1c
                    0x001c                  _WREG14 = 0x1c
                    0x001e                  WREG15 = 0x1e
                    0x001e                  _WREG15 = 0x1e
                    0x0020                  SPLIM = 0x20
                    0x0020                  _SPLIM = 0x20
                    0x002e                  PCL = 0x2e
                    0x002e                  _PCL = 0x2e
                    0x0030                  PCH = 0x30
                    0x0030                  _PCH = 0x30
                    0x0032                  TBLPAG = 0x32
                    0x0032                  _TBLPAG = 0x32
                    0x0034                  PSVPAG = 0x34
                    0x0034                  _PSVPAG = 0x34
                    0x0036                  RCOUNT = 0x36
                    0x0036                  _RCOUNT = 0x36
                    0x0036                  _RCOUNTbits = 0x36
                    0x0042                  SR = 0x42
                    0x0042                  _SR = 0x42
                    0x0042                  _SRbits = 0x42
                    0x0044                  CORCON = 0x44
                    0x0044                  _CORCON = 0x44
                    0x0044                  _CORCONbits = 0x44
                    0x0052                  DISICNT = 0x52
                    0x0052                  _DISICNT = 0x52
                    0x0056                  CNPD1 = 0x56
                    0x0056                  _CNPD1 = 0x56
                    0x0056                  _CNPD1bits = 0x56
                    0x0058                  CNPD2 = 0x58
                    0x0058                  _CNPD2 = 0x58
                    0x0058                  _CNPD2bits = 0x58
                    0x005a                  CNPD3 = 0x5a
                    0x005a                  _CNPD3 = 0x5a
                    0x0062                  CNEN1 = 0x62
                    0x0062                  _CNEN1 = 0x62
                    0x0062                  _CNEN1bits = 0x62
                    0x0064                  CNEN2 = 0x64
                    0x0064                  _CNEN2 = 0x64
                    0x0064                  _CNEN2bits = 0x64
                    0x0066                  CNEN3 = 0x66
                    0x0066                  _CNEN3 = 0x66
                    0x006e                  CNPU1 = 0x6e
                    0x006e                  _CNPU1 = 0x6e
                    0x006e                  _CNPU1bits = 0x6e
                    0x0070                  CNPU2 = 0x70
                    0x0070                  _CNPU2 = 0x70
                    0x0070                  _CNPU2bits = 0x70
                    0x0072                  CNPU3 = 0x72
                    0x0072                  _CNPU3 = 0x72
                    0x0080                  INTCON1 = 0x80
                    0x0080                  _INTCON1 = 0x80
                    0x0080                  _INTCON1bits = 0x80
                    0x0082                  INTCON2 = 0x82
                    0x0082                  _INTCON2 = 0x82
                    0x0082                  _INTCON2bits = 0x82
                    0x0084                  IFS0 = 0x84
                    0x0084                  _IFS0 = 0x84
                    0x0084                  _IFS0bits = 0x84
                    0x0086                  IFS1 = 0x86
                    0x0086                  _IFS1 = 0x86
                    0x0086                  _IFS1bits = 0x86
                    0x0088                  IFS2 = 0x88
                    0x0088                  _IFS2 = 0x88
                    0x0088                  _IFS2bits = 0x88
                    0x008a                  IFS3 = 0x8a
                    0x008a                  _IFS3 = 0x8a
                    0x008a                  _IFS3bits = 0x8a
                    0x008c                  IFS4 = 0x8c
                    0x008c                  _IFS4 = 0x8c
                    0x008c                  _IFS4bits = 0x8c
                    0x008e                  IFS5 = 0x8e
                    0x008e                  _IFS5 = 0x8e
                    0x008e                  _IFS5bits = 0x8e
                    0x0094                  IEC0 = 0x94
                    0x0094                  _IEC0 = 0x94
                    0x0094                  _IEC0bits = 0x94
                    0x0096                  IEC1 = 0x96
                    0x0096                  _IEC1 = 0x96
                    0x0096                  _IEC1bits = 0x96
                    0x0098                  IEC2 = 0x98
                    0x0098                  _IEC2 = 0x98
                    0x0098                  _IEC2bits = 0x98
                    0x009a                  IEC3 = 0x9a
                    0x009a                  _IEC3 = 0x9a
                    0x009a                  _IEC3bits = 0x9a
                    0x009c                  IEC4 = 0x9c
                    0x009c                  _IEC4 = 0x9c
                    0x009c                  _IEC4bits = 0x9c
                    0x009e                  IEC5 = 0x9e
                    0x009e                  _IEC5 = 0x9e
                    0x009e                  _IEC5bits = 0x9e
                    0x00a4                  IPC0 = 0xa4
                    0x00a4                  _IPC0 = 0xa4
                    0x00a4                  _IPC0bits = 0xa4
                    0x00a6                  IPC1 = 0xa6
                    0x00a6                  _IPC1 = 0xa6
                    0x00a6                  _IPC1bits = 0xa6
                    0x00a8                  IPC2 = 0xa8
                    0x00a8                  _IPC2 = 0xa8
                    0x00a8                  _IPC2bits = 0xa8
                    0x00aa                  IPC3 = 0xaa
                    0x00aa                  _IPC3 = 0xaa
                    0x00aa                  _IPC3bits = 0xaa
                    0x00ac                  IPC4 = 0xac
                    0x00ac                  _IPC4 = 0xac
                    0x00ac                  _IPC4bits = 0xac
                    0x00ae                  IPC5 = 0xae
                    0x00ae                  _IPC5 = 0xae
                    0x00ae                  _IPC5bits = 0xae
                    0x00b0                  IPC6 = 0xb0
                    0x00b0                  _IPC6 = 0xb0
                    0x00b0                  _IPC6bits = 0xb0
                    0x00b2                  IPC7 = 0xb2
                    0x00b2                  _IPC7 = 0xb2
                    0x00b2                  _IPC7bits = 0xb2
                    0x00b4                  IPC8 = 0xb4
                    0x00b4                  _IPC8 = 0xb4
                    0x00b4                  _IPC8bits = 0xb4
                    0x00b6                  IPC9 = 0xb6
                    0x00b6                  _IPC9 = 0xb6
                    0x00b6                  _IPC9bits = 0xb6
                    0x00bc                  IPC12 = 0xbc
                    0x00bc                  _IPC12 = 0xbc
                    0x00bc                  _IPC12bits = 0xbc
                    0x00c2                  IPC15 = 0xc2
                    0x00c2                  _IPC15 = 0xc2
                    0x00c2                  _IPC15bits = 0xc2
                    0x00c4                  IPC16 = 0xc4
                    0x00c4                  _IPC16 = 0xc4
                    0x00c4                  _IPC16bits = 0xc4
                    0x00c8                  IPC18 = 0xc8
                    0x00c8                  _IPC18 = 0xc8
                    0x00c8                  _IPC18bits = 0xc8
                    0x00ca                  IPC19 = 0xca
                    0x00ca                  _IPC19 = 0xca
                    0x00ca                  _IPC19bits = 0xca
                    0x00cc                  IPC20 = 0xcc
                    0x00cc                  _IPC20 = 0xcc
                    0x00cc                  _IPC20bits = 0xcc
                    0x00e0                  INTTREG = 0xe0
                    0x00e0                  _INTTREG = 0xe0
                    0x00e0                  _INTTREGbits = 0xe0
                    0x0100                  TMR1 = 0x100
                    0x0100                  _TMR1 = 0x100
                    0x0102                  PR1 = 0x102
                    0x0102                  _PR1 = 0x102
                    0x0104                  T1CON = 0x104
                    0x0104                  _T1CON = 0x104
                    0x0104                  _T1CONbits = 0x104
                    0x0106                  TMR2 = 0x106
                    0x0106                  _TMR2 = 0x106
                    0x0108                  TMR3HLD = 0x108
                    0x0108                  _TMR3HLD = 0x108
                    0x010a                  TMR3 = 0x10a
                    0x010a                  _TMR3 = 0x10a
                    0x010c                  PR2 = 0x10c
                    0x010c                  _PR2 = 0x10c
                    0x010e                  PR3 = 0x10e
                    0x010e                  _PR3 = 0x10e
                    0x0110                  T2CON = 0x110
                    0x0110                  _T2CON = 0x110
                    0x0110                  _T2CONbits = 0x110
                    0x0112                  T3CON = 0x112
                    0x0112                  _T3CON = 0x112
                    0x0112                  _T3CONbits = 0x112
                    0x0114                  TMR4 = 0x114
                    0x0114                  _TMR4 = 0x114
                    0x0116                  TMR5HLD = 0x116
                    0x0116                  _TMR5HLD = 0x116
                    0x0118                  TMR5 = 0x118
                    0x0118                  _TMR5 = 0x118
                    0x011a                  PR4 = 0x11a
                    0x011a                  _PR4 = 0x11a
                    0x011c                  PR5 = 0x11c
                    0x011c                  _PR5 = 0x11c
                    0x011e                  T4CON = 0x11e
                    0x011e                  _T4CON = 0x11e
                    0x011e                  _T4CONbits = 0x11e
                    0x0120                  T5CON = 0x120
                    0x0120                  _T5CON = 0x120
                    0x0120                  _T5CONbits = 0x120
                    0x0140                  IC1CON1 = 0x140
                    0x0140                  _IC1CON1 = 0x140
                    0x0140                  _IC1CON1bits = 0x140
                    0x0142                  IC1CON2 = 0x142
                    0x0142                  _IC1CON2 = 0x142
                    0x0142                  _IC1CON2bits = 0x142
                    0x0144                  IC1BUF = 0x144
                    0x0144                  _IC1BUF = 0x144
                    0x0146                  IC1TMR = 0x146
                    0x0146                  _IC1TMR = 0x146
                    0x0148                  IC2CON1 = 0x148
                    0x0148                  _IC2CON1 = 0x148
                    0x0148                  _IC2CON1bits = 0x148
                    0x014a                  IC2CON2 = 0x14a
                    0x014a                  _IC2CON2 = 0x14a
                    0x014a                  _IC2CON2bits = 0x14a
                    0x014c                  IC2BUF = 0x14c
                    0x014c                  _IC2BUF = 0x14c
                    0x014e                  IC2TMR = 0x14e
                    0x014e                  _IC2TMR = 0x14e
                    0x0150                  IC3CON1 = 0x150
                    0x0150                  _IC3CON1 = 0x150
                    0x0150                  _IC3CON1bits = 0x150
                    0x0152                  IC3CON2 = 0x152
                    0x0152                  _IC3CON2 = 0x152
                    0x0152                  _IC3CON2bits = 0x152
                    0x0154                  IC3BUF = 0x154
                    0x0154                  _IC3BUF = 0x154
                    0x0156                  IC3TMR = 0x156
                    0x0156                  _IC3TMR = 0x156
                    0x0190                  OC1CON1 = 0x190
                    0x0190                  _OC1CON1 = 0x190
                    0x0190                  _OC1CON1bits = 0x190
                    0x0192                  OC1CON2 = 0x192
                    0x0192                  _OC1CON2 = 0x192
                    0x0192                  _OC1CON2bits = 0x192
                    0x0194                  OC1RS = 0x194
                    0x0194                  _OC1RS = 0x194
                    0x0196                  OC1R = 0x196
                    0x0196                  _OC1R = 0x196
                    0x0198                  OC1TMR = 0x198
                    0x0198                  _OC1TMR = 0x198
                    0x019a                  OC2CON1 = 0x19a
                    0x019a                  _OC2CON1 = 0x19a
                    0x019a                  _OC2CON1bits = 0x19a
                    0x019c                  OC2CON2 = 0x19c
                    0x019c                  _OC2CON2 = 0x19c
                    0x019c                  _OC2CON2bits = 0x19c
                    0x019e                  OC2RS = 0x19e
                    0x019e                  _OC2RS = 0x19e
                    0x01a0                  OC2R = 0x1a0
                    0x01a0                  _OC2R = 0x1a0
                    0x01a2                  OC2TMR = 0x1a2
                    0x01a2                  _OC2TMR = 0x1a2
                    0x01a4                  OC3CON1 = 0x1a4
                    0x01a4                  _OC3CON1 = 0x1a4
                    0x01a4                  _OC3CON1bits = 0x1a4
                    0x01a6                  OC3CON2 = 0x1a6
                    0x01a6                  _OC3CON2 = 0x1a6
                    0x01a6                  _OC3CON2bits = 0x1a6
                    0x01a8                  OC3RS = 0x1a8
                    0x01a8                  _OC3RS = 0x1a8
                    0x01aa                  OC3R = 0x1aa
                    0x01aa                  _OC3R = 0x1aa
                    0x01ac                  OC3TMR = 0x1ac
                    0x01ac                  _OC3TMR = 0x1ac
                    0x0200                  I2C1RCV = 0x200
                    0x0200                  _I2C1RCV = 0x200
                    0x0202                  I2C1TRN = 0x202
                    0x0202                  _I2C1TRN = 0x202
                    0x0204                  I2C1BRG = 0x204
                    0x0204                  _I2C1BRG = 0x204
                    0x0206                  I2C1CON = 0x206
                    0x0206                  _I2C1CON = 0x206
                    0x0206                  _I2C1CONbits = 0x206
                    0x0208                  I2C1STAT = 0x208
                    0x0208                  _I2C1STAT = 0x208
                    0x0208                  _I2C1STATbits = 0x208
                    0x020a                  I2C1ADD = 0x20a
                    0x020a                  _I2C1ADD = 0x20a
                    0x020c                  I2C1MSK = 0x20c
                    0x020c                  _I2C1MSK = 0x20c
                    0x0210                  I2C2RCV = 0x210
                    0x0210                  _I2C2RCV = 0x210
                    0x0212                  I2C2TRN = 0x212
                    0x0212                  _I2C2TRN = 0x212
                    0x0214                  I2C2BRG = 0x214
                    0x0214                  _I2C2BRG = 0x214
                    0x0216                  I2C2CON = 0x216
                    0x0216                  _I2C2CON = 0x216
                    0x0216                  _I2C2CONbits = 0x216
                    0x0218                  I2C2STAT = 0x218
                    0x0218                  _I2C2STAT = 0x218
                    0x0218                  _I2C2STATbits = 0x218
                    0x021a                  I2C2ADD = 0x21a
                    0x021a                  _I2C2ADD = 0x21a
                    0x021c                  I2C2MSK = 0x21c
                    0x021c                  _I2C2MSK = 0x21c
                    0x0220                  U1MODE = 0x220
                    0x0220                  _U1MODE = 0x220
                    0x0220                  _U1MODEbits = 0x220
                    0x0222                  U1STA = 0x222
                    0x0222                  _U1STA = 0x222
                    0x0222                  _U1STAbits = 0x222
                    0x0224                  U1TXREG = 0x224
                    0x0224                  _U1TXREG = 0x224
                    0x0224                  _U1TXREGbits = 0x224
                    0x0226                  U1RXREG = 0x226
                    0x0226                  _U1RXREG = 0x226
                    0x0226                  _U1RXREGbits = 0x226
                    0x0228                  U1BRG = 0x228
                    0x0228                  _U1BRG = 0x228
                    0x0230                  U2MODE = 0x230
                    0x0230                  _U2MODE = 0x230
                    0x0230                  _U2MODEbits = 0x230
                    0x0232                  U2STA = 0x232
                    0x0232                  _U2STA = 0x232
                    0x0232                  _U2STAbits = 0x232
                    0x0234                  U2TXREG = 0x234
                    0x0234                  _U2TXREG = 0x234
                    0x0234                  _U2TXREGbits = 0x234
                    0x0236                  U2RXREG = 0x236
                    0x0236                  _U2RXREG = 0x236
                    0x0236                  _U2RXREGbits = 0x236
                    0x0238                  U2BRG = 0x238
                    0x0238                  _U2BRG = 0x238
                    0x0240                  SPI1STAT = 0x240
                    0x0240                  _SPI1STAT = 0x240
                    0x0240                  _SPI1STATbits = 0x240
                    0x0242                  SPI1CON1 = 0x242
                    0x0242                  _SPI1CON1 = 0x242
                    0x0242                  _SPI1CON1bits = 0x242
                    0x0244                  SPI1CON2 = 0x244
                    0x0244                  _SPI1CON2 = 0x244
                    0x0244                  _SPI1CON2bits = 0x244
                    0x0248                  SPI1BUF = 0x248
                    0x0248                  _SPI1BUF = 0x248
                    0x0260                  SPI2STAT = 0x260
                    0x0260                  _SPI2STAT = 0x260
                    0x0260                  _SPI2STATbits = 0x260
                    0x0262                  SPI2CON1 = 0x262
                    0x0262                  _SPI2CON1 = 0x262
                    0x0262                  _SPI2CON1bits = 0x262
                    0x0264                  SPI2CON2 = 0x264
                    0x0264                  _SPI2CON2 = 0x264
                    0x0264                  _SPI2CON2bits = 0x264
                    0x0268                  SPI2BUF = 0x268
                    0x0268                  _SPI2BUF = 0x268
                    0x02c0                  TRISA = 0x2c0
                    0x02c0                  _TRISA = 0x2c0
                    0x02c0                  _TRISAbits = 0x2c0
                    0x02c2                  PORTA = 0x2c2
                    0x02c2                  _PORTA = 0x2c2
                    0x02c2                  _PORTAbits = 0x2c2
                    0x02c4                  LATA = 0x2c4
                    0x02c4                  _LATA = 0x2c4
                    0x02c4                  _LATAbits = 0x2c4
                    0x02c6                  ODCA = 0x2c6
                    0x02c6                  _ODCA = 0x2c6
                    0x02c6                  _ODCAbits = 0x2c6
                    0x02c8                  TRISB = 0x2c8
                    0x02c8                  _TRISB = 0x2c8
                    0x02c8                  _TRISBbits = 0x2c8
                    0x02ca                  PORTB = 0x2ca
                    0x02ca                  _PORTB = 0x2ca
                    0x02ca                  _PORTBbits = 0x2ca
                    0x02cc                  LATB = 0x2cc
                    0x02cc                  _LATB = 0x2cc
                    0x02cc                  _LATBbits = 0x2cc
                    0x02ce                  ODCB = 0x2ce
                    0x02ce                  _ODCB = 0x2ce
                    0x02ce                  _ODCBbits = 0x2ce
                    0x02fc                  PADCFG1 = 0x2fc
                    0x02fc                  _PADCFG1 = 0x2fc
                    0x02fc                  _PADCFG1bits = 0x2fc
                    0x0300                  ADC1BUF0 = 0x300
                    0x0300                  _ADC1BUF0 = 0x300
                    0x0302                  ADC1BUF1 = 0x302
                    0x0302                  _ADC1BUF1 = 0x302
                    0x0304                  ADC1BUF2 = 0x304
                    0x0304                  _ADC1BUF2 = 0x304
                    0x0306                  ADC1BUF3 = 0x306
                    0x0306                  _ADC1BUF3 = 0x306
                    0x0308                  ADC1BUF4 = 0x308
                    0x0308                  _ADC1BUF4 = 0x308
                    0x030a                  ADC1BUF5 = 0x30a
                    0x030a                  _ADC1BUF5 = 0x30a
                    0x030c                  ADC1BUF6 = 0x30c
                    0x030c                  _ADC1BUF6 = 0x30c
                    0x030e                  ADC1BUF7 = 0x30e
                    0x030e                  _ADC1BUF7 = 0x30e
                    0x0310                  ADC1BUF8 = 0x310
                    0x0310                  _ADC1BUF8 = 0x310
                    0x0312                  ADC1BUF9 = 0x312
                    0x0312                  _ADC1BUF9 = 0x312
                    0x0314                  ADC1BUF10 = 0x314
                    0x0314                  _ADC1BUF10 = 0x314
                    0x0316                  ADC1BUF11 = 0x316
                    0x0316                  _ADC1BUF11 = 0x316
                    0x0318                  ADC1BUF12 = 0x318
                    0x0318                  _ADC1BUF12 = 0x318
                    0x031a                  ADC1BUF13 = 0x31a
                    0x031a                  _ADC1BUF13 = 0x31a
                    0x031c                  ADC1BUF14 = 0x31c
                    0x031c                  _ADC1BUF14 = 0x31c
                    0x031e                  ADC1BUF15 = 0x31e
                    0x031e                  _ADC1BUF15 = 0x31e
                    0x0320                  ADC1BUF16 = 0x320
                    0x0320                  _ADC1BUF16 = 0x320
                    0x0322                  ADC1BUF17 = 0x322
                    0x0322                  _ADC1BUF17 = 0x322
                    0x0340                  AD1CON1 = 0x340
                    0x0340                  _AD1CON1 = 0x340
                    0x0340                  _AD1CON1bits = 0x340
                    0x0342                  AD1CON2 = 0x342
                    0x0342                  _AD1CON2 = 0x342
                    0x0342                  _AD1CON2bits = 0x342
                    0x0344                  AD1CON3 = 0x344
                    0x0344                  _AD1CON3 = 0x344
                    0x0344                  _AD1CON3bits = 0x344
                    0x0348                  AD1CHS = 0x348
                    0x0348                  _AD1CHS = 0x348
                    0x0348                  _AD1CHSbits = 0x348
                    0x034e                  AD1CSSH = 0x34e
                    0x034e                  _AD1CSSH = 0x34e
                    0x034e                  _AD1CSSHbits = 0x34e
                    0x0350                  AD1CSSL = 0x350
                    0x0350                  _AD1CSSL = 0x350
                    0x0350                  _AD1CSSLbits = 0x350
                    0x0354                  AD1CON5 = 0x354
                    0x0354                  _AD1CON5 = 0x354
                    0x0354                  _AD1CON5bits = 0x354
                    0x0356                  AD1CHITH = 0x356
                    0x0356                  _AD1CHITH = 0x356
                    0x0356                  _AD1CHITHbits = 0x356
                    0x0358                  AD1CHITL = 0x358
                    0x0358                  _AD1CHITL = 0x358
                    0x0358                  _AD1CHITLbits = 0x358
                    0x035a                  CTMUCON1 = 0x35a
                    0x035a                  _CTMUCON1 = 0x35a
                    0x035a                  _CTMUCON1bits = 0x35a
                    0x035c                  CTMUCON2 = 0x35c
                    0x035c                  _CTMUCON2 = 0x35c
                    0x035c                  _CTMUCON2bits = 0x35c
                    0x035e                  CTMUICON = 0x35e
                    0x035e                  _CTMUICON = 0x35e
                    0x035e                  _CTMUICONbits = 0x35e
                    0x0360                  AD1CTMUENH = 0x360
                    0x0360                  _AD1CTMUENH = 0x360
                    0x0360                  _AD1CTMUENHbits = 0x360
                    0x0362                  AD1CTMUENL = 0x362
                    0x0362                  _AD1CTMUENL = 0x362
                    0x0362                  _AD1CTMUENLbits = 0x362
                    0x04e0                  ANSA = 0x4e0
                    0x04e0                  _ANSA = 0x4e0
                    0x04e0                  _ANSAbits = 0x4e0
                    0x04e0                  ANSELA = 0x4e0
                    0x04e0                  _ANSELA = 0x4e0
                    0x04e0                  _ANSELAbits = 0x4e0
                    0x04e2                  ANSB = 0x4e2
                    0x04e2                  _ANSB = 0x4e2
                    0x04e2                  _ANSBbits = 0x4e2
                    0x04e2                  ANSELB = 0x4e2
                    0x04e2                  _ANSELB = 0x4e2
                    0x04e2                  _ANSELBbits = 0x4e2
                    0x0620                  ALRMVAL = 0x620
                    0x0620                  _ALRMVAL = 0x620
                    0x0622                  ALCFGRPT = 0x622
                    0x0622                  _ALCFGRPT = 0x622
                    0x0622                  _ALCFGRPTbits = 0x622
                    0x0624                  RTCVAL = 0x624
                    0x0624                  _RTCVAL = 0x624
                    0x0626                  RCFGCAL = 0x626
                    0x0626                  _RCFGCAL = 0x626
                    0x0626                  _RCFGCALbits = 0x626
                    0x0628                  RTCPWC = 0x628
                    0x0628                  _RTCPWC = 0x628
                    0x0628                  _RTCPWCbits = 0x628
                    0x0630                  CMSTAT = 0x630
                    0x0630                  _CMSTAT = 0x630
                    0x0630                  _CMSTATbits = 0x630
                    0x0632                  CVRCON = 0x632
                    0x0632                  _CVRCON = 0x632
                    0x0632                  _CVRCONbits = 0x632
                    0x0634                  CM1CON = 0x634
                    0x0634                  _CM1CON = 0x634
                    0x0634                  _CM1CONbits = 0x634
                    0x0636                  CM2CON = 0x636
                    0x0636                  _CM2CON = 0x636
                    0x0636                  _CM2CONbits = 0x636
                    0x0638                  CM3CON = 0x638
                    0x0638                  _CM3CON = 0x638
                    0x0638                  _CM3CONbits = 0x638
                    0x0640                  CRCCON1 = 0x640
                    0x0640                  _CRCCON1 = 0x640
                    0x0640                  _CRCCON1bits = 0x640
                    0x0642                  CRCCON2 = 0x642
                    0x0642                  _CRCCON2 = 0x642
                    0x0642                  _CRCCON2bits = 0x642
                    0x0644                  CRCXOR = 0x644
                    0x0644                  _CRCXOR = 0x644
                    0x0644                  _CRCXORbits = 0x644
                    0x0644                  CRCXORL = 0x644
                    0x0644                  _CRCXORL = 0x644
                    0x0644                  _CRCXORLbits = 0x644
                    0x0646                  CRCXORH = 0x646
                    0x0646                  _CRCXORH = 0x646
                    0x0646                  _CRCXORHbits = 0x646
                    0x0648                  CRCDAT = 0x648
                    0x0648                  _CRCDAT = 0x648
                    0x0648                  CRCDAT32 = 0x648
                    0x0648                  _CRCDAT32 = 0x648
                    0x0648                  CRCDAT8 = 0x648
                    0x0648                  _CRCDAT8 = 0x648
                    0x0648                  CRCDATL = 0x648
                    0x0648                  _CRCDATL = 0x648
                    0x064a                  CRCDATH = 0x64a
                    0x064a                  _CRCDATH = 0x64a
                    0x064c                  CRCWDAT = 0x64c
                    0x064c                  _CRCWDAT = 0x64c
                    0x064c                  CRCWDATL = 0x64c
                    0x064c                  _CRCWDATL = 0x64c
                    0x064e                  CRCWDATH = 0x64e
                    0x064e                  _CRCWDATH = 0x64e
                    0x0740                  RCON = 0x740
                    0x0740                  _RCON = 0x740
                    0x0740                  _RCONbits = 0x740
                    0x0742                  OSCCON = 0x742
                    0x0742                  _OSCCON = 0x742
                    0x0742                  _OSCCONbits = 0x742
                    0x0742                  OSCCONL = 0x742
                    0x0742                  _OSCCONL = 0x742
                    0x0743                  OSCCONH = 0x743
                    0x0743                  _OSCCONH = 0x743
                    0x0744                  CLKDIV = 0x744
                    0x0744                  _CLKDIV = 0x744
                    0x0744                  _CLKDIVbits = 0x744
                    0x0748                  OSCTUN = 0x748
                    0x0748                  _OSCTUN = 0x748
                    0x0748                  _OSCTUNbits = 0x748
                    0x074e                  REFOCON = 0x74e
                    0x074e                  _REFOCON = 0x74e
                    0x074e                  _REFOCONbits = 0x74e
                    0x0756                  HLVDCON = 0x756
                    0x0756                  _HLVDCON = 0x756
                    0x0756                  _HLVDCONbits = 0x756
                    0x0758                  DSCON = 0x758
                    0x0758                  _DSCON = 0x758
                    0x0758                  _DSCONbits = 0x758
                    0x075a                  DSWAKE = 0x75a
                    0x075a                  _DSWAKE = 0x75a
                    0x075a                  _DSWAKEbits = 0x75a
                    0x075a                  DSWSRC = 0x75a
                    0x075a                  _DSWSRC = 0x75a
                    0x075a                  _DSWSRCbits = 0x75a
                    0x075c                  DSGPR0 = 0x75c
                    0x075c                  _DSGPR0 = 0x75c
                    0x075e                  DSGPR1 = 0x75e
                    0x075e                  _DSGPR1 = 0x75e
                    0x0760                  NVMCON = 0x760
                    0x0760                  _NVMCON = 0x760
                    0x0760                  _NVMCONbits = 0x760
                    0x0766                  NVMKEY = 0x766
                    0x0766                  _NVMKEY = 0x766
                    0x0766                  _NVMKEYbits = 0x766
                    0x0768                  ULPWCON = 0x768
                    0x0768                  _ULPWCON = 0x768
                    0x0768                  _ULPWCONbits = 0x768
                    0x0770                  PMD1 = 0x770
                    0x0770                  _PMD1 = 0x770
                    0x0770                  _PMD1bits = 0x770
                    0x0772                  PMD2 = 0x772
                    0x0772                  _PMD2 = 0x772
                    0x0772                  _PMD2bits = 0x772
                    0x0774                  PMD3 = 0x774
                    0x0774                  _PMD3 = 0x774
                    0x0774                  _PMD3bits = 0x774
                    0x0776                  PMD4 = 0x776
                    0x0776                  _PMD4 = 0x776
                    0x0776                  _PMD4bits = 0x776
                    0x0144                  IC1 = 0x144
                    0x0144                  _IC1 = 0x144
                    0x014c                  IC2 = 0x14c
                    0x014c                  _IC2 = 0x14c
                    0x0154                  IC3 = 0x154
                    0x0154                  _IC3 = 0x154
                    0x0194                  OC1 = 0x194
                    0x0194                  _OC1 = 0x194
                    0x019e                  OC2 = 0x19e
                    0x019e                  _OC2 = 0x19e
                    0x01a8                  OC3 = 0x1a8
                    0x01a8                  _OC3 = 0x1a8
                    0x0240                  SPI1 = 0x240
                    0x0240                  _SPI1 = 0x240
                    0x0260                  SPI2 = 0x260
                    0x0260                  _SPI2 = 0x260
                    0x0220                  UART1 = 0x220
                    0x0220                  _UART1 = 0x220
                    0x0230                  UART2 = 0x230
                    0x0230                  _UART2 = 0x230
START GROUP
LOAD c:/program files (x86)/microchip/xc16/v1.31/bin/bin/../../lib\liblega-pic30-elf.a
LOAD c:/program files (x86)/microchip/xc16/v1.31/bin/bin/../../lib\libm-elf.a
LOAD c:/program files (x86)/microchip/xc16/v1.31/bin/bin/../../lib\liblega-c-elf.a
END GROUP
OUTPUT(dist/default/debug/UCOS-TestENGPRS1.0.X.debug.elf elf32-pic30)
LOAD FBS
LOAD FGS
LOAD jump_table
LOAD data_init

.debug_pubtypes
                  0x000198        0xc86
 .debug_pubtypes
                  0x000198         0x46 build/default/debug/App/app.o
 .debug_pubtypes
                  0x0001de         0xb7 build/default/debug/bsp/ADC.o
 .debug_pubtypes
                  0x000295         0xce build/default/debug/bsp/IC.o
 .debug_pubtypes
                  0x000363         0xa7 build/default/debug/bsp/ICN.o
 .debug_pubtypes
                  0x00040a         0xe5 build/default/debug/bsp/INT.o
 .debug_pubtypes
                  0x0004ef        0x111 build/default/debug/bsp/NVIC.o
 .debug_pubtypes
                  0x000600        0x128 build/default/debug/bsp/RS485.o
 .debug_pubtypes
                  0x000728         0xe3 build/default/debug/bsp/RTCC.o
 .debug_pubtypes
                  0x00080b         0xbe build/default/debug/bsp/SPI.o
 .debug_pubtypes
                  0x0008c9        0x197 build/default/debug/bsp/TIM.o
 .debug_pubtypes
                  0x000a60         0x7b build/default/debug/bsp/bsp.o
 .debug_pubtypes
                  0x000adb         0x12 build/default/debug/uC-CPU/cpu_bsp.o
 .debug_pubtypes
                  0x000aed         0x5b build/default/debug/uC-CPU/cpu_core.o
 .debug_pubtypes
                  0x000b48         0x80 build/default/debug/uCOS-II/Ports/os_cpu_c.o
 .debug_pubtypes
                  0x000bc8         0xb2 build/default/debug/uCOS-II/Source/os_core.o
 .debug_pubtypes
                  0x000c7a         0x12 build/default/debug/uCOS-II/Source/os_flag.o
 .debug_pubtypes
                  0x000c8c         0x12 build/default/debug/uCOS-II/Source/os_mbox.o
 .debug_pubtypes
                  0x000c9e         0x12 build/default/debug/uCOS-II/Source/os_multi.o
 .debug_pubtypes
                  0x000cb0         0x12 build/default/debug/uCOS-II/Source/os_mutex.o
 .debug_pubtypes
                  0x000cc2         0x12 build/default/debug/uCOS-II/Source/os_q.o
 .debug_pubtypes
                  0x000cd4         0x12 build/default/debug/uCOS-II/Source/os_sem.o
 .debug_pubtypes
                  0x000ce6         0xb2 build/default/debug/uCOS-II/Source/os_task.o
 .debug_pubtypes
                  0x000d98         0x86 build/default/debug/uCOS-II/Source/os_time.o

__c30_signature
                  0x000e1e        0x18c
 __c30_signature
                  0x000e1e          0x6 build/default/debug/App/app.o
 __c30_signature
                  0x000e24          0x6 build/default/debug/bsp/ADC.o
 __c30_signature
                  0x000e2a          0x6 build/default/debug/bsp/IC.o
 __c30_signature
                  0x000e30          0x6 build/default/debug/bsp/ICN.o
 __c30_signature
                  0x000e36          0x6 build/default/debug/bsp/INT.o
 __c30_signature
                  0x000e3c          0x6 build/default/debug/bsp/NVIC.o
 __c30_signature
                  0x000e42          0x6 build/default/debug/bsp/RS485.o
 __c30_signature
                  0x000e48          0x6 build/default/debug/bsp/RTCC.o
 __c30_signature
                  0x000e4e          0x6 build/default/debug/bsp/SPI.o
 __c30_signature
                  0x000e54          0x6 build/default/debug/bsp/TIM.o
 __c30_signature
                  0x000e5a          0x6 build/default/debug/bsp/bsp.o
 __c30_signature
                  0x000e60          0x6 build/default/debug/uC-CPU/cpu_bsp.o
 __c30_signature
                  0x000e66          0x6 build/default/debug/uC-CPU/cpu_core.o
 __c30_signature
                  0x000e6c          0x6 build/default/debug/uCOS-II/Ports/os_cpu_c.o
 __c30_signature
                  0x000e72          0x6 build/default/debug/uCOS-II/Source/os_core.o
 __c30_signature
                  0x000e78          0x6 build/default/debug/uCOS-II/Source/os_flag.o
 __c30_signature
                  0x000e7e          0x6 build/default/debug/uCOS-II/Source/os_mbox.o
 __c30_signature
                  0x000e84          0x6 build/default/debug/uCOS-II/Source/os_multi.o
 __c30_signature
                  0x000e8a          0x6 build/default/debug/uCOS-II/Source/os_mutex.o
 __c30_signature
                  0x000e90          0x6 build/default/debug/uCOS-II/Source/os_q.o
 __c30_signature
                  0x000e96          0x6 build/default/debug/uCOS-II/Source/os_sem.o
 __c30_signature
                  0x000e9c          0x6 build/default/debug/uCOS-II/Source/os_task.o
 __c30_signature
                  0x000ea2          0x6 build/default/debug/uCOS-II/Source/os_time.o
 __c30_signature
                  0x000ea8          0x6 c:/program files (x86)/microchip/xc16/v1.31/bin/bin/../../lib\liblega-pic30-elf.a(crt0_standard.o)
 __c30_signature
                  0x000eae          0x6 c:/program files (x86)/microchip/xc16/v1.31/bin/bin/../../lib\liblega-pic30-elf.a(data_init_standard.o)
 __c30_signature
                  0x000eb4          0x6 c:/program files (x86)/microchip/xc16/v1.31/bin/bin/../../lib\libm-elf.a(divsi3.eo)
 __c30_signature
                  0x000eba          0x6 c:/program files (x86)/microchip/xc16/v1.31/bin/bin/../../lib\libm-elf.a(udivsi3.eo)
 __c30_signature
                  0x000ec0          0x6 c:/program files (x86)/microchip/xc16/v1.31/bin/bin/../../lib\libm-elf.a(mulsi3.eo)
 __c30_signature
                  0x000ec6          0x6 c:/program files (x86)/microchip/xc16/v1.31/bin/bin/../../lib\liblega-c-elf.a(mktime.XX_eo)
 __c30_signature
                  0x000ecc          0x6 c:/program files (x86)/microchip/xc16/v1.31/bin/bin/../../lib\liblega-c-elf.a(xttotm.XX_eo)
 __c30_signature
                  0x000ed2          0x6 c:/program files (x86)/microchip/xc16/v1.31/bin/bin/../../lib\liblega-c-elf.a(localtim.XX_elo)
 __c30_signature
                  0x000ed8          0x6 c:/program files (x86)/microchip/xc16/v1.31/bin/bin/../../lib\liblega-c-elf.a(strtol.XX_elo)
 __c30_signature
                  0x000ede          0x6 c:/program files (x86)/microchip/xc16/v1.31/bin/bin/../../lib\liblega-c-elf.a(xgettime.XX_elo)
 __c30_signature
                  0x000ee4          0x6 c:/program files (x86)/microchip/xc16/v1.31/bin/bin/../../lib\liblega-c-elf.a(xgetzone.XX_elo)
 __c30_signature
                  0x000eea          0x6 c:/program files (x86)/microchip/xc16/v1.31/bin/bin/../../lib\liblega-c-elf.a(xisdst.XX_elo)
 __c30_signature
                  0x000ef0          0x6 c:/program files (x86)/microchip/xc16/v1.31/bin/bin/../../lib\liblega-c-elf.a(xstoul.XX_elo)
 __c30_signature
                  0x000ef6          0x6 c:/program files (x86)/microchip/xc16/v1.31/bin/bin/../../lib\liblega-c-elf.a(isalpha.XX_eso)
 __c30_signature
                  0x000efc          0x6 c:/program files (x86)/microchip/xc16/v1.31/bin/bin/../../lib\liblega-c-elf.a(isspace.XX_eso)
 __c30_signature
                  0x000f02          0x6 c:/program files (x86)/microchip/xc16/v1.31/bin/bin/../../lib\liblega-c-elf.a(tolower.XX_eso)
 __c30_signature
                  0x000f08          0x6 c:/program files (x86)/microchip/xc16/v1.31/bin/bin/../../lib\liblega-c-elf.a(errno.XX_eo)
 __c30_signature
                  0x000f0e          0x6 c:/program files (x86)/microchip/xc16/v1.31/bin/bin/../../lib\liblega-c-elf.a(strchr.XX_eo)
 __c30_signature
                  0x000f14          0x6 c:/program files (x86)/microchip/xc16/v1.31/bin/bin/../../lib\liblega-c-elf.a(xatexit.XX_eo)
 __c30_signature
                  0x000f1a          0x6 c:/program files (x86)/microchip/xc16/v1.31/bin/bin/../../lib\liblega-c-elf.a(asctime.XX_elo)
 __c30_signature
                  0x000f20          0x6 c:/program files (x86)/microchip/xc16/v1.31/bin/bin/../../lib\liblega-c-elf.a(free.XX_elo)
 __c30_signature
                  0x000f26          0x6 c:/program files (x86)/microchip/xc16/v1.31/bin/bin/../../lib\liblega-c-elf.a(malloc.XX_elo)
 __c30_signature
                  0x000f2c          0x6 c:/program files (x86)/microchip/xc16/v1.31/bin/bin/../../lib\liblega-c-elf.a(memchr.XX_elo)
 __c30_signature
                  0x000f32          0x6 c:/program files (x86)/microchip/xc16/v1.31/bin/bin/../../lib\liblega-c-elf.a(strlen.XX_elo)
 __c30_signature
                  0x000f38          0x6 c:/program files (x86)/microchip/xc16/v1.31/bin/bin/../../lib\liblega-c-elf.a(xgetdst.XX_elo)
 __c30_signature
                  0x000f3e          0x6 c:/program files (x86)/microchip/xc16/v1.31/bin/bin/../../lib\liblega-c-elf.a(xgetmem.XX_elo)
 __c30_signature
                  0x000f44          0x6 c:/program files (x86)/microchip/xc16/v1.31/bin/bin/../../lib\liblega-c-elf.a(xstrftim.XX_elo)
 __c30_signature
                  0x000f4a          0x6 c:/program files (x86)/microchip/xc16/v1.31/bin/bin/../../lib\liblega-c-elf.a(xgentime.XX_eo)
 __c30_signature
                  0x000f50          0x6 c:/program files (x86)/microchip/xc16/v1.31/bin/bin/../../lib\liblega-c-elf.a(memcpy.XX_elo)
 __c30_signature
                  0x000f56          0x6 c:/program files (x86)/microchip/xc16/v1.31/bin/bin/../../lib\liblega-pic30-elf.a(sbrk.Leo)
 __c30_signature
                  0x000f5c          0x6 c:/program files (x86)/microchip/xc16/v1.31/bin/bin/../../lib\liblega-pic30-elf.a(getenv.Leo)
 __c30_signature
                  0x000f62          0x6 c:/program files (x86)/microchip/xc16/v1.31/bin/bin/../../lib\liblega-pic30-elf.a(brk.Lelo)
 __c30_signature
                  0x000f68          0x6 c:/program files (x86)/microchip/xc16/v1.31/bin/bin/../../lib\libm-elf.a(feqltle.eo)
 __c30_signature
                  0x000f6e          0x6 c:/program files (x86)/microchip/xc16/v1.31/bin/bin/../../lib\libm-elf.a(floatdisf.eo)
 __c30_signature
                  0x000f74          0x6 c:/program files (x86)/microchip/xc16/v1.31/bin/bin/../../lib\libm-elf.a(floatundisf.eo)
 __c30_signature
                  0x000f7a          0x6 c:/program files (x86)/microchip/xc16/v1.31/bin/bin/../../lib\libm-elf.a(fpack.eo)
 __c30_signature
                  0x000f80          0x6 c:/program files (x86)/microchip/xc16/v1.31/bin/bin/../../lib\libm-elf.a(modsi3.eo)
 __c30_signature
                  0x000f86          0x6 c:/program files (x86)/microchip/xc16/v1.31/bin/bin/../../lib\libm-elf.a(umodsi3.eo)
 __c30_signature
                  0x000f8c          0x6 c:/program files (x86)/microchip/xc16/v1.31/bin/bin/../../lib\libm-elf.a(muldi3.eo)
 __c30_signature
                  0x000f92          0x6 c:/program files (x86)/microchip/xc16/v1.31/bin/bin/../../lib\libm-elf.a(fcompare.eo)
 __c30_signature
                  0x000f98          0x6 c:/program files (x86)/microchip/xc16/v1.31/bin/bin/../../lib\libm-elf.a(funpack2.eo)
 __c30_signature
                  0x000f9e          0x6 c:/program files (x86)/microchip/xc16/v1.31/bin/bin/../../lib\libm-elf.a(umuldi3.eo)
 __c30_signature
                  0x000fa4          0x6 c:/program files (x86)/microchip/xc16/v1.31/bin/bin/../../lib\libm-elf.a(funpack.eo)

.nbss               0x0850        0x42e
 .nbss              0x0850        0x30c build/default/debug/uCOS-II/Source/os_core.o
                    0x0850                  _OSCtxSwCtr
                    0x0854                  _OSCPUUsage
                    0x0856                  _OSIdleCtrMax
                    0x085a                  _OSIdleCtrRun
                    0x085e                  _OSStatRdy
                    0x0860                  _OSTaskStatStk
                    0x0960                  _OSIntNesting
                    0x0961                  _OSLockNesting
                    0x0962                  _OSPrioCur
                    0x0963                  _OSPrioHighRdy
                    0x0964                  _OSRdyGrp
                    0x0965                  _OSRdyTbl
                    0x0966                  _OSRunning
                    0x0967                  _OSTaskCtr
                    0x0968                  _OSIdleCtr
                    0x096c                  _OSTaskIdleStk
                    0x0a6c                  _OSTCBCur
                    0x0a6e                  _OSTCBFreeList
                    0x0a70                  _OSTCBHighRdy
                    0x0a72                  _OSTCBList
                    0x0a74                  _OSTCBPrioTbl
                    0x0a7e                  _OSTCBTbl
                    0x0b56                  _OSTaskRegNextAvailID
                    0x0b58                  _OSTime
 .nbss              0x0b5c        0x100 build/default/debug/App/app.o
                    0x0b5c                  _AppStartTaskStk
 .nbss              0x0c5c         0x14 build/default/debug/bsp/NVIC.o
                    0x0c5c                  _gGPRS_Fail_Count
                    0x0c5e                  _FLagArgbits
                    0x0c60                  _gTimeCount
 .nbss              0x0c70          0x8 build/default/debug/bsp/RTCC.o
                    0x0c70                  _gRTCCDate
 .nbss              0x0c78          0x4 build/default/debug/bsp/TIM.o
                    0x0c78                  _gT3Count
                    0x0c7a                  _gT1Count
 .nbss              0x0c7c          0x2 build/default/debug/bsp/SPI.o
                    0x0c7c                  _gOffsetAdd

.data               0x0c7e        0x230
 .data              0x0c7e        0x16e c:/program files (x86)/microchip/xc16/v1.31/bin/bin/../../lib\liblega-c-elf.a(asctime.XX_elo)
                    0x0c82                  __Times
 .data              0x0dec         0x4a c:/program files (x86)/microchip/xc16/v1.31/bin/bin/../../lib\liblega-c-elf.a(xstoul.XX_elo)
 .data              0x0e36         0x30 c:/program files (x86)/microchip/xc16/v1.31/bin/bin/../../lib\liblega-c-elf.a(xttotm.XX_eo)
 .data              0x0e66         0x2a c:/program files (x86)/microchip/xc16/v1.31/bin/bin/../../lib\liblega-c-elf.a(xgentime.XX_eo)
 .data              0x0e90         0x1e c:/program files (x86)/microchip/xc16/v1.31/bin/bin/../../lib\liblega-c-elf.a(xgetzone.XX_elo)

.bss                0x0eae         0x42
 .bss               0x0eae         0x1c c:/program files (x86)/microchip/xc16/v1.31/bin/bin/../../lib\liblega-c-elf.a(asctime.XX_elo)
                    0x0eae                  __Tls_setup__Times
 .bss               0x0eca         0x12 c:/program files (x86)/microchip/xc16/v1.31/bin/bin/../../lib\liblega-c-elf.a(xttotm.XX_eo)
 .bss               0x0edc          0x6 c:/program files (x86)/microchip/xc16/v1.31/bin/bin/../../lib\liblega-c-elf.a(localtim.XX_elo)
 .bss               0x0ee2          0x6 c:/program files (x86)/microchip/xc16/v1.31/bin/bin/../../lib\liblega-c-elf.a(xisdst.XX_elo)
 .bss               0x0ee8          0x4 c:/program files (x86)/microchip/xc16/v1.31/bin/bin/../../lib\liblega-c-elf.a(xgetzone.XX_elo)
 .bss               0x0eec          0x4 c:/program files (x86)/microchip/xc16/v1.31/bin/bin/../../lib\liblega-c-elf.a(errno.XX_eo)
                    0x0eec                  _errno
                    0x0eee                  __Tls_setup_errno

.data               0x0ef0          0x4
 .data              0x0ef0          0x4 c:/program files (x86)/microchip/xc16/v1.31/bin/bin/../../lib\liblega-c-elf.a(malloc.XX_elo)
                    0x0ef0                  __Size_block

.bss                0x0ef4          0x6
 .bss               0x0ef4          0x4 c:/program files (x86)/microchip/xc16/v1.31/bin/bin/../../lib\liblega-c-elf.a(malloc.XX_elo)
                    0x0ef4                  __Aldata
 .bss               0x0ef8          0x2 c:/program files (x86)/microchip/xc16/v1.31/bin/bin/../../lib\liblega-pic30-elf.a(brk.Lelo)
                    0x0ef8                  ___curbrk

_0344E000_at_address_00F80006
                  0xf80006          0x2
 _0344E000_at_address_00F80006
                  0xf80006          0x2 build/default/debug/App/app.o
                  0xf80006                  _FOSCSEL

_0344E060_at_address_00F80008
                  0xf80008          0x2
 _0344E060_at_address_00F80008
                  0xf80008          0x2 build/default/debug/App/app.o
                  0xf80008                  _FOSC

_0344E0C0_at_address_00F8000A
                  0xf8000a          0x2
 _0344E0C0_at_address_00F8000A
                  0xf8000a          0x2 build/default/debug/App/app.o
                  0xf8000a                  _FWDT

_0344E120_at_address_00F8000C
                  0xf8000c          0x2
 _0344E120_at_address_00F8000C
                  0xf8000c          0x2 build/default/debug/App/app.o
                  0xf8000c                  _FPOR

_0344E180_at_address_00F8000E
                  0xf8000e          0x2
 _0344E180_at_address_00F8000E
                  0xf8000e          0x2 build/default/debug/App/app.o
                  0xf8000e                  _FICD

_0344E1E0_at_address_00F80010
                  0xf80010          0x2
 _0344E1E0_at_address_00F80010
                  0xf80010          0x2 build/default/debug/App/app.o
                  0xf80010                  _FDS

.ivt._RTCCInterrupt
                  0x000090          0x2
 .ivt._RTCCInterrupt
                  0x000090          0x2 build/default/debug/bsp/NVIC.o

.ivt._T3Interrupt
                  0x000024          0x2
 .ivt._T3Interrupt
                  0x000024          0x2 build/default/debug/bsp/NVIC.o

.ivt._T1Interrupt
                  0x00001a          0x2
 .ivt._T1Interrupt
                  0x00001a          0x2 build/default/debug/bsp/NVIC.o

.ivt._T4Interrupt
                  0x00004a          0x2
 .ivt._T4Interrupt
                  0x00004a          0x2 build/default/debug/bsp/NVIC.o

.ivt._CNInterrupt
                  0x00003a          0x2
 .ivt._CNInterrupt
                  0x00003a          0x2 build/default/debug/bsp/NVIC.o

.ivt._U1RXInterrupt
                  0x00002a          0x2
 .ivt._U1RXInterrupt
                  0x00002a          0x2 build/default/debug/bsp/NVIC.o

.ivt._U2RXInterrupt
                  0x000050          0x2
 .ivt._U2RXInterrupt
                  0x000050          0x2 build/default/debug/bsp/NVIC.o

.ivt._U2TXInterrupt
                  0x000052          0x2
 .ivt._U2TXInterrupt
                  0x000052          0x2 build/default/debug/bsp/NVIC.o

.ivt._U1ErrInterrupt
                  0x000096          0x2
 .ivt._U1ErrInterrupt
                  0x000096          0x2 build/default/debug/bsp/NVIC.o

.ivt._U2ErrInterrupt
                  0x000098          0x2
 .ivt._U2ErrInterrupt
                  0x000098          0x2 build/default/debug/bsp/NVIC.o

.ivt._INT1Interrupt
                  0x00003c          0x2
 .ivt._INT1Interrupt
                  0x00003c          0x2 build/default/debug/bsp/NVIC.o

.ivt._T2Interrupt
                  0x000022          0x2
 .ivt._T2Interrupt
                  0x000022          0x2 build/default/debug/bsp/bsp.o

.const              0x9888        0x222 load address 0x001888  
 .const             0x9888        0x11e build/default/debug/uCOS-II/Source/os_core.o
                    0x98a6                  _OSUnMapTbl
 .const             0x99a6        0x104 build/default/debug/uC-CPU/cpu_core.o
                    0x99a6                  _CPU_EndiannessTest

.text             0x001aaa        0x8c4
 .text            0x001aaa        0x484 build/default/debug/uCOS-II/Source/os_core.o
                  0x001afa                  _OS_TaskIdle
                  0x001b70                  _OSIntEnter
                  0x001b82                  _OSIntExit
                  0x001bda                  _OSSchedLock
                  0x001bf8                  _OSStart
                  0x001c14                  _OSStatInit
                  0x001c4e                  _OSTimeTick
                  0x001cc8                  _OSVersion
                  0x001ccc                  _OS_MemClr
                  0x001d06                  _OSInit
                  0x001d18                  _OS_MemCopy
                  0x001d24                  _OS_Sched
                  0x001d6e                  _OSSchedUnlock
                  0x001d9c                  _OS_StrLen
                  0x001da8                  _OS_TaskStatStkChk
                  0x001de6                  _OS_TaskStat
                  0x001e60                  _OS_TCBInit
 .text            0x001f2e        0x440 build/default/debug/uCOS-II/Source/os_task.o
                  0x001f2e                  _OSTaskChangePrio
                  0x001ffc                  _OSTaskCreate
                  0x002064                  _OSTaskNameGet
                  0x0020a8                  _OSTaskNameSet
                  0x0020de                  _OSTaskResume
                  0x002144                  _OSTaskStkChk
                  0x00219c                  _OSTaskSuspend
                  0x002200                  _OSTaskQuery
                  0x002240                  _OSTaskRegGet
                  0x002268                  _OSTaskRegGetID
                  0x00228c                  _OSTaskRegSet
                  0x0022b4                  _OS_TaskReturn
                  0x0022c4                  _OS_TaskStkClr
                  0x0022da                  _OSTaskCreateExt

.dinit            0x00236e        0x1f4
 .dinit           0x00236e        0x1f4 data_init

.text             0x002562        0x8cc
 .text            0x002562        0x1c4 build/default/debug/uC-CPU/cpu_core.o
                  0x002562                  _CPU_Init
                  0x002564                  _CPU_SW_Exception
                  0x002566                  _CPU_CntLeadZeros08
                  0x002570                  _CPU_CntLeadZeros16
                  0x002588                  _CPU_CntLeadZeros
                  0x00258a                  _CPU_CntLeadZeros32
                  0x0025c8                  _CPU_CntLeadZeros64
                  0x0026a0                  _CPU_CntTrailZeros
                  0x0026b2                  _CPU_CntTrailZeros08
                  0x0026c4                  _CPU_CntTrailZeros16
                  0x0026d6                  _CPU_CntTrailZeros32
                  0x0026f4                  _CPU_CntTrailZeros64
 .text            0x002726        0x126 build/default/debug/uCOS-II/Source/os_time.o
                  0x002726                  _OSTimeDly
                  0x002762                  _OSTimeDlyHMSM
                  0x0027c0                  _OSTimeDlyResume
                  0x00282e                  _OSTimeGet
                  0x00283c                  _OSTimeSet
 .text            0x00284c        0x104 build/default/debug/bsp/SPI.o
                  0x002856                  _SPI2_Configuration
                  0x002870                  _SPI_Write
                  0x00287e                  _SPI_Read
                  0x002886                  _FM25L64B_Write
                  0x0028b0                  _FM25L64B_Read
                  0x0028fe                  _FROM_WriteDPNum
                  0x002916                  _FROM_EN
                  0x002922                  _FROM_WRSR
 .text            0x002950         0xf4 build/default/debug/bsp/TIM.o
                  0x002950                  _TIM1_Configuration
                  0x00297a                  _TIM2_Configuration
                  0x0029a2                  _TIM3_Configuration
                  0x0029c4                  _TIM4_Configuration
                  0x0029ec                  _StartTime3
                  0x0029f4                  _CloseTime3
                  0x0029fe                  _T3IsOver
                  0x002a0c                  _GetUnixTime_Char
                  0x002a38                  _Delay_Nop
 .text            0x002a44         0xd4 build/default/debug/bsp/bsp.o
                  0x002a44                  _BSP_CPU_ClkFrq
                  0x002ace                  _BSP_IntDisAll
                  0x002ad0                  _LED_On
                  0x002ad4                  _LED_Off
                  0x002ad8                  _LED_Init
                  0x002ade                  _BSP_Init
                  0x002ae4                  _LED_Toggle
                  0x002af8                  __T2Interrupt
 .text            0x002b18         0xc4 build/default/debug/bsp/RTCC.o
                  0x002b18                  _RTC_Configuration
                  0x002b6c                  _RTCReadTime
                  0x002baa                  _CheckRTCC
                  0x002bcc                  _StartRTCC
                  0x002bd4                  _StopRTCC
 .text            0x002bdc         0xa4 build/default/debug/uCOS-II/Ports/os_cpu_a.o
                  0x002bdc                  _OSStartHighRdy
                  0x002c04                  _OSCtxSw
                  0x002c56                  _OSIntCtxSw
 .text            0x002c80         0x76 build/default/debug/uCOS-II/Ports/os_cpu_c.o
                  0x002c80                  _OSInitHookBegin
                  0x002c86                  _OSInitHookEnd
                  0x002c88                  _OSTaskCreateHook
                  0x002c8a                  _OSTaskDelHook
                  0x002c8c                  _OSTaskIdleHook
                  0x002c8e                  _OSTaskReturnHook
                  0x002c90                  _OSTaskStatHook
                  0x002c92                  _OSTaskSwHook
                  0x002c94                  _OSTCBInitHook
                  0x002c96                  _OSTaskStkInit
 .text            0x002cf6         0x6a build/default/debug/bsp/RS485.o
                  0x002cf6                  _RS485_Init
                  0x002d28                  _RS485Send
                  0x002d40                  _RS485SendString
 .text            0x002d60         0x4e build/default/debug/App/app.o
                  0x002d60                  build/default/debug/App/app.o:_AppStartTask
                  0x002d82                  _main
 .text            0x002dae         0x2e build/default/debug/bsp/IC.o
                  0x002dae                  _IC_Configuration
 .text            0x002ddc         0x26 build/default/debug/bsp/ADC.o
                  0x002ddc                  _ADC_Init
                  0x002e00                  _Get_Voltage
 .text            0x002e02         0x16 build/default/debug/bsp/ICN.o
                  0x002e02                  _ICN_Configuration
 .text            0x002e18         0x16 build/default/debug/bsp/INT.o
                  0x002e18                  _INT_Configuration
