Microchip Technology Inc, v1.31 (A)

Tool Name:
  c:\program files (x86)\microchip\xc16\v1.31\bin\bin\..\bin/elf-ld.exe

Command:
  -p24FJ64GA306 \
  -o \
  dist/default/debug/UCOS.X.debug.elf \
  -Lc:/program files (x86)/microchip/xc16/v1.31/bin/bin/.. \
  -Lc:/program files (x86)/microchip/xc16/v1.31/bin/bin/../../lib \
  -Lc:/program files (x86)/microchip/xc16/v1.31/bin/bin/../../support/PIC24E/gld \
  -Lc:/program files (x86)/microchip/xc16/v1.31/bin/bin/../../support/PIC24F/gld \
  -Lc:/program files (x86)/microchip/xc16/v1.31/bin/bin/../../support/PIC24H/gld \
  -Lc:/program files (x86)/microchip/xc16/v1.31/bin/bin/../../support/dsPIC30F/gld \
  -Lc:/program files (x86)/microchip/xc16/v1.31/bin/bin/../../support/dsPIC33E/gld \
  -Lc:/program files (x86)/microchip/xc16/v1.31/bin/bin/../../support/dsPIC33F/gld \
  build/default/debug/BSP/bsp.o \
  build/default/debug/BSP/bsp_a.o \
  build/default/debug/BSP/NVIC.o \
  build/default/debug/BSP/RS485.o \
  build/default/debug/BSP/PPS.o \
  build/default/debug/BSP/UART2.o \
  build/default/debug/BSP/UART3.o \
  build/default/debug/BSP/INT.o \
  build/default/debug/BSP/I2C.o \
  build/default/debug/BSP/Sleep.o \
  build/default/debug/BSP/DeepSleep.o \
  build/default/debug/BSP/RTCC.o \
  build/default/debug/uC-CPU/cpu_core.o \
  build/default/debug/uC-LIB/lib_ascii.o \
  build/default/debug/uC-LIB/lib_math.o \
  build/default/debug/uC-LIB/lib_mem.o \
  build/default/debug/uC-LIB/lib_str.o \
  build/default/debug/uCOS-II/Ports/os_cpu_a.o \
  build/default/debug/uCOS-II/Ports/os_cpu_c.o \
  build/default/debug/uCOS-II/Ports/os_cpu_util_a.o \
  build/default/debug/uCOS-II/Source/os_core.o \
  build/default/debug/uCOS-II/Source/os_flag.o \
  build/default/debug/uCOS-II/Source/os_mbox.o \
  build/default/debug/uCOS-II/Source/os_mutex.o \
  build/default/debug/uCOS-II/Source/os_sem.o \
  build/default/debug/uCOS-II/Source/os_task.o \
  build/default/debug/uCOS-II/Source/os_time.o \
  build/default/debug/User/HL6528.o \
  build/default/debug/User/SerialBuffer.o \
  build/default/debug/User/Common.o \
  build/default/debug/User/main.o \
  build/default/debug/User/WCG.o \
  build/default/debug/User/PC.o \
  build/default/debug/User/E41.o \
  build/default/debug/User/CheckData.o \
  build/default/debug/User/CAT24C512.o \
  build/default/debug/User/PCF8583.o \
  -TC:\\Users\\ADMINI~1\\AppData\\Local\\Temp\\tmp00000a64.00 \
  -TC:\\Users\\ADMINI~1\\AppData\\Local\\Temp\\tmp00000a64.01 \
  -TC:\\Users\\ADMINI~1\\AppData\\Local\\Temp\\tmp00000a64.02 \
  -TC:\\Users\\ADMINI~1\\AppData\\Local\\Temp\\tmp00000a64.03 \
  -TC:\\Users\\ADMINI~1\\AppData\\Local\\Temp\\tmp00000a64.04 \
  -TC:\\Users\\ADMINI~1\\AppData\\Local\\Temp\\tmp00000a64.05 \
  -TC:\\Users\\ADMINI~1\\AppData\\Local\\Temp\\tmp00000a64.06 \
  --local-stack \
  --defsym=__MPLAB_BUILD=1 \
  --defsym=__MPLAB_DEBUG=1 \
  --defsym=__DEBUG=1 \
  --defsym=__MPLAB_DEBUGGER_PK3=1 \
  -Tp24FJ64GA306.gld.07 \
  --check-sections \
  --data-init \
  --pack-data \
  --handles \
  --isr \
  --no-gc-sections \
  --fill-upper=0 \
  --stackguard=16 \
  --no-force-link \
  --smart-io \
  -Map=dist/default/debug/UCOS.X.debug.map \
  --memorysummary \
  dist/default/debug/memoryfile.xml \
  -start-group \
  --library=lega-pic30-elf \
  --library=m-elf \
  --library=lega-c-elf \
  -end-group \


Optional library libpPIC24Fxxx.a not found
Archive member included because of file (symbol)

c:/program files (x86)/microchip/xc16/v1.31/bin/bin/../../lib\liblega-pic30-elf.a(crt0_extended24.o)
                              (__resetPRI)
c:/program files (x86)/microchip/xc16/v1.31/bin/bin/../../lib\liblega-pic30-elf.a(data_init_24.o)
                              c:/program files (x86)/microchip/xc16/v1.31/bin/bin/../../lib\liblega-pic30-elf.a(crt0_extended24.o) (__data_init_da)
c:/program files (x86)/microchip/xc16/v1.31/bin/bin/../../lib\liblega-pic30-elf.a(crt_start_mode_normalda.Leo)
                              (__crt_start_mode_normal)
c:/program files (x86)/microchip/xc16/v1.31/bin/bin/../../lib\libm-elf.a(divsi3.daeo)
                              build/default/debug/BSP/bsp.o (___divsi3)
c:/program files (x86)/microchip/xc16/v1.31/bin/bin/../../lib\libm-elf.a(udivsi3.daeo)
                              build/default/debug/BSP/bsp.o (___udivsi3)
c:/program files (x86)/microchip/xc16/v1.31/bin/bin/../../lib\libm-elf.a(umodsi3.daeo)
                              build/default/debug/uC-LIB/lib_str.o (___umodsi3)
c:/program files (x86)/microchip/xc16/v1.31/bin/bin/../../lib\liblega-c-elf.a(gmtime.DA_eo)
                              build/default/debug/User/main.o (_gmtime)
c:/program files (x86)/microchip/xc16/v1.31/bin/bin/../../lib\liblega-c-elf.a(mktime.DA_eo)
                              build/default/debug/User/main.o (_mktime)
c:/program files (x86)/microchip/xc16/v1.31/bin/bin/../../lib\liblega-c-elf.a(strcat.DA_eo)
                              build/default/debug/User/HL6528.o (_strcat)
[...]
Memory Configuration

Name             Origin             Length             Attributes
data             0x000800           0x002000           a !xr
reset            0x000000           0x000004  
ivt              0x000004           0x0000fc  
_reserved        0x000100           0x000004  
aivt             0x000104           0x0000fc  
program          0x000200           0x00a9f8           xr
CONFIG4          0x00abf8           0x000002  
CONFIG3          0x00abfa           0x000002  
CONFIG2          0x00abfc           0x000002  
CONFIG1          0x00abfe           0x000002  
*default*        0x000000           0xffffffff  

Linker script and memory map

LOAD build/default/debug/BSP/bsp.o
LOAD build/default/debug/BSP/bsp_a.o
LOAD build/default/debug/BSP/NVIC.o
LOAD build/default/debug/BSP/RS485.o
LOAD build/default/debug/BSP/PPS.o
LOAD build/default/debug/BSP/UART2.o
LOAD build/default/debug/BSP/UART3.o
LOAD build/default/debug/BSP/INT.o
LOAD build/default/debug/BSP/I2C.o
LOAD build/default/debug/BSP/Sleep.o
LOAD build/default/debug/BSP/DeepSleep.o
LOAD build/default/debug/BSP/RTCC.o
LOAD build/default/debug/uC-CPU/cpu_core.o
LOAD build/default/debug/uC-LIB/lib_ascii.o
LOAD build/default/debug/uC-LIB/lib_math.o
LOAD build/default/debug/uC-LIB/lib_mem.o
LOAD build/default/debug/uC-LIB/lib_str.o
LOAD build/default/debug/uCOS-II/Ports/os_cpu_a.o
LOAD build/default/debug/uCOS-II/Ports/os_cpu_c.o
LOAD build/default/debug/uCOS-II/Ports/os_cpu_util_a.o
LOAD build/default/debug/uCOS-II/Source/os_core.o
LOAD build/default/debug/uCOS-II/Source/os_flag.o
LOAD build/default/debug/uCOS-II/Source/os_mbox.o
LOAD build/default/debug/uCOS-II/Source/os_mutex.o
LOAD build/default/debug/uCOS-II/Source/os_sem.o
LOAD build/default/debug/uCOS-II/Source/os_task.o
LOAD build/default/debug/uCOS-II/Source/os_time.o
LOAD build/default/debug/User/HL6528.o
LOAD build/default/debug/User/SerialBuffer.o
LOAD build/default/debug/User/Common.o
LOAD build/default/debug/User/main.o
LOAD build/default/debug/User/WCG.o
LOAD build/default/debug/User/PC.o
LOAD build/default/debug/User/E41.o
LOAD build/default/debug/User/CheckData.o
LOAD build/default/debug/User/CAT24C512.o
LOAD build/default/debug/User/PCF8583.o

reserve_data_0x800
                    0x0800         0x1c
                    0x081c                  . = 0x1c
 *fill*             0x0800         0x1c00

reserve_data_0x81c
                    0x081c          0x2
                    0x081e                  . = 0x2
 *fill*             0x081c          0x200

reserve_data_0x81e
                    0x081e          0x2
                    0x0820                  . = 0x2
 *fill*             0x081e          0x200

reserve_data_0x820
                    0x0820          0x2
                    0x0822                  . = 0x2
 *fill*             0x0820          0x200

reserve_data_0x822
                    0x0822          0x2
                    0x0824                  . = 0x2
 *fill*             0x0822          0x200

reserve_data_0x824
                    0x0824          0x4
                    0x0828                  . = 0x4
 *fill*             0x0824          0x400

reserve_data_0x82a
                    0x082a         0x26
                    0x0850                  . = 0x26
 *fill*             0x082a         0x2600
                    0x0001                  __MPLAB_BUILD = 0x1
                    0x0001                  __MPLAB_DEBUG = 0x1
                    0x0001                  __DEBUG = 0x1
                    0x0001                  __MPLAB_DEBUGGER_PK3 = 0x1
LOAD pPIC24Fxxx
LOAD c:/program files (x86)/microchip/xc16/v1.31/bin/bin/../../lib\libfx-elf.a
                    0xabf8                  __CONFIG4 = 0xabf8
                    0xabfa                  __CONFIG3 = 0xabfa
                    0xabfc                  __CONFIG2 = 0xabfc
                    0xabfe                  __CONFIG1 = 0xabfe
                    0x0001                  __NO_HANDLES = 0x1
                    0x0200                  __CODE_BASE = 0x200
                    0xa9f8                  __CODE_LENGTH = 0xa9f8
                    0x0004                  __IVT_BASE = 0x4
                    0x0104                  __AIVT_BASE = 0x104
                    0x0800                  __DATA_BASE = 0x800
                    0x2000                  __DATA_LENGTH = 0x2000

.reset            0x000000          0x4
                  0x000000          0x2 SHORT 0x200 ABSOLUTE (__reset)
                  0x000001          0x2 SHORT 0x4
                  0x000002          0x2 SHORT 0x0 ((ABSOLUTE (__reset) >> 0x10) & 0x7f)
                  0x000003          0x2 SHORT 0x0

.text             0x000200       0x19d6
 *(.init)
 .init            0x000200         0x4c c:/program files (x86)/microchip/xc16/v1.31/bin/bin/../../lib\liblega-pic30-elf.a(crt0_extended24.o)
                  0x000200                  __resetPRI
                  0x000200                  __reset
                  0x00023c                  __psv_init
 .init            0x00024c         0xb8 c:/program files (x86)/microchip/xc16/v1.31/bin/bin/../../lib\liblega-pic30-elf.a(data_init_24.o)
                  0x000252                  __data_init
                  0x000252                  __data_init_da
 *(.user_init)
 *(.handle)
 *(.isr*)
 .isr.text        0x000324        0x38c build/default/debug/BSP/NVIC.o
                  0x000324                  __RTCCInterrupt
                  0x000344                  __INT0Interrupt
                  0x000364                  __U1RXInterrupt
                  0x0003ac                  __U2RXInterrupt
                  0x0003f4                  __U3RXInterrupt
                  0x00043c                  __U1ErrInterrupt
                  0x000452                  __U2ErrInterrupt
                  0x000468                  __U3ErrInterrupt
                  0x00047e                  __DefaultInterrupt
                  0x0004aa                  __MI2C1Interrupt
 *(.libc)
 .libc            0x0006b0         0x28 c:/program files (x86)/microchip/xc16/v1.31/bin/bin/../../lib\liblega-pic30-elf.a(sbrkda.Leo)
                  0x0006b0                  _sbrk
 .libc            0x0006d8          0x2 c:/program files (x86)/microchip/xc16/v1.31/bin/bin/../../lib\liblega-pic30-elf.a(getenvda.Leo)
                  0x0006d8                  _getenv
 .libc            0x0006da         0x1a c:/program files (x86)/microchip/xc16/v1.31/bin/bin/../../lib\liblega-pic30-elf.a(brkda.Lelo)
                  0x0006da                  _brk
 *(.libm)
 *(.libdsp)
 *(.lib*)
 .libpic30_crt_start_mode
                  0x0006f4          0x2 c:/program files (x86)/microchip/xc16/v1.31/bin/bin/../../lib\liblega-pic30-elf.a(crt_start_mode_normalda.Leo)
                  0x0006f4                  __crt_start_mode
                  0x0006f4                  __crt_start_mode_normal
 .libm.divsi3     0x0006f6         0x1e c:/program files (x86)/microchip/xc16/v1.31/bin/bin/../../lib\libm-elf.a(divsi3.daeo)
                  0x0006f6                  ___divsi3
 .libm.udivsi3    0x000714         0x20 c:/program files (x86)/microchip/xc16/v1.31/bin/bin/../../lib\libm-elf.a(udivsi3.daeo)
                  0x000714                  ___udivsi3
 .libm.umodsi3    0x000734          0x6 c:/program files (x86)/microchip/xc16/v1.31/bin/bin/../../lib\libm-elf.a(umodsi3.daeo)
                  0x000734                  ___umodsi3
 .libc.gmtime     0x00073a          0x8 c:/program files (x86)/microchip/xc16/v1.31/bin/bin/../../lib\liblega-c-elf.a(gmtime.DA_eo)
                  0x00073a                  _gmtime
 .libc.mktime     0x000742        0x118 c:/program files (x86)/microchip/xc16/v1.31/bin/bin/../../lib\liblega-c-elf.a(mktime.DA_eo)
                  0x000742                  _mktime
 .libc.strcat     0x00085a         0x14 c:/program files (x86)/microchip/xc16/v1.31/bin/bin/../../lib\liblega-c-elf.a(strcat.DA_eo)
                  0x00085a                  _strcat
 .libc._Daysto    0x00086e         0x36 c:/program files (x86)/microchip/xc16/v1.31/bin/bin/../../lib\liblega-c-elf.a(xttotm.DA_eo)
                  0x00086e                  __Daysto
 .libc._Ttotm     0x0008a4         0xf0 c:/program files (x86)/microchip/xc16/v1.31/bin/bin/../../lib\liblega-c-elf.a(xttotm.DA_eo)
                  0x0008a4                  __Ttotm
 .libc._Tzoff     0x000994         0x86 c:/program files (x86)/microchip/xc16/v1.31/bin/bin/../../lib\liblega-c-elf.a(localtim.DA_elo)
                  0x000994                  __Tzoff
 .libc.localtime
                  0x000a1a         0x14 c:/program files (x86)/microchip/xc16/v1.31/bin/bin/../../lib\liblega-c-elf.a(localtim.DA_elo)
                  0x000a1a                  _localtime
 .libc.strtol     0x000a2e         0x9a c:/program files (x86)/microchip/xc16/v1.31/bin/bin/../../lib\liblega-c-elf.a(strtol.DA_elo)
                  0x000a2e                  _strtol
 .libc._Gettime
                  0x000ac8         0x42 c:/program files (x86)/microchip/xc16/v1.31/bin/bin/../../lib\liblega-c-elf.a(xgettime.DA_elo)
                  0x000ac8                  __Gettime
 .libc.reformat
                  0x000b0a         0xc4 c:/program files (x86)/microchip/xc16/v1.31/bin/bin/../../lib\liblega-c-elf.a(xgetzone.DA_elo)
 .libc.getzone    0x000bce         0x24 c:/program files (x86)/microchip/xc16/v1.31/bin/bin/../../lib\liblega-c-elf.a(xgetzone.DA_elo)
 .libc._Getzone
                  0x000bf2         0x14 c:/program files (x86)/microchip/xc16/v1.31/bin/bin/../../lib\liblega-c-elf.a(xgetzone.DA_elo)
                  0x000bf2                  __Getzone
 .libc._Tls_reg_rules
                  0x000c06          0x4 c:/program files (x86)/microchip/xc16/v1.31/bin/bin/../../lib\liblega-c-elf.a(xisdst.DA_elo)
 .libc._Tls_setupx_rules
                  0x000c0a         0x14 c:/program files (x86)/microchip/xc16/v1.31/bin/bin/../../lib\liblega-c-elf.a(xisdst.DA_elo)
 .libc.free_tls.clone.0
                  0x000c1e          0x4 c:/program files (x86)/microchip/xc16/v1.31/bin/bin/../../lib\liblega-c-elf.a(xisdst.DA_elo)
 .libc._Tls_dtor_rules
                  0x000c22          0x2 c:/program files (x86)/microchip/xc16/v1.31/bin/bin/../../lib\liblega-c-elf.a(xisdst.DA_elo)
                  0x000c22                  xisdst.DA_elo:__Tls_dtor_rules
 .libc._Isdst     0x000c24        0x136 c:/program files (x86)/microchip/xc16/v1.31/bin/bin/../../lib\liblega-c-elf.a(xisdst.DA_elo)
                  0x000c24                  __Isdst
 .libc._Stoul     0x000d5a        0x166 c:/program files (x86)/microchip/xc16/v1.31/bin/bin/../../lib\liblega-c-elf.a(xstoul.DA_elo)
                  0x000d5a                  __Stoul
 .libc.isalpha    0x000ec0         0x14 c:/program files (x86)/microchip/xc16/v1.31/bin/bin/../../lib\liblega-c-elf.a(isalpha.DA_eso)
                  0x000ec0                  _isalpha
 .libc.isspace    0x000ed4         0x10 c:/program files (x86)/microchip/xc16/v1.31/bin/bin/../../lib\liblega-c-elf.a(isspace.DA_eso)
                  0x000ed4                  _isspace
 .libc.tolower    0x000ee4          0xe c:/program files (x86)/microchip/xc16/v1.31/bin/bin/../../lib\liblega-c-elf.a(tolower.DA_eso)
                  0x000ee4                  _tolower
 .libc._Geterrno
                  0x000ef2          0xc c:/program files (x86)/microchip/xc16/v1.31/bin/bin/../../lib\liblega-c-elf.a(errno.DA_eo)
                  0x000ef2                  __Geterrno
 .libc.strchr     0x000efe         0x18 c:/program files (x86)/microchip/xc16/v1.31/bin/bin/../../lib\liblega-c-elf.a(strchr.DA_eo)
                  0x000efe                  _strchr
 .libc._Atexit    0x000f16         0x18 c:/program files (x86)/microchip/xc16/v1.31/bin/bin/../../lib\liblega-c-elf.a(xatexit.DA_eo)
                  0x000f16                  __Atexit
 .libc._Getptimes
                  0x000f2e          0xc c:/program files (x86)/microchip/xc16/v1.31/bin/bin/../../lib\liblega-c-elf.a(asctime.DA_elo)
                  0x000f2e                  __Getptimes
 .libc.asctime    0x000f3a         0x12 c:/program files (x86)/microchip/xc16/v1.31/bin/bin/../../lib\liblega-c-elf.a(asctime.DA_elo)
                  0x000f3a                  _asctime
 .libc.free       0x000f4c         0x6a c:/program files (x86)/microchip/xc16/v1.31/bin/bin/../../lib\liblega-c-elf.a(free.DA_elo)
                  0x000f4c                  _free
 .libc.findmem    0x000fb6         0x78 c:/program files (x86)/microchip/xc16/v1.31/bin/bin/../../lib\liblega-c-elf.a(malloc.DA_elo)
 .libc.malloc     0x00102e         0x6e c:/program files (x86)/microchip/xc16/v1.31/bin/bin/../../lib\liblega-c-elf.a(malloc.DA_elo)
                  0x00102e                  _malloc
 .libc.memchr     0x00109c         0x30 c:/program files (x86)/microchip/xc16/v1.31/bin/bin/../../lib\liblega-c-elf.a(memchr.DA_elo)
                  0x00109c                  _memchr
 .libc.strlen     0x0010cc         0x18 c:/program files (x86)/microchip/xc16/v1.31/bin/bin/../../lib\liblega-c-elf.a(strlen.DA_elo)
                  0x0010cc                  _strlen
 .libc.getint     0x0010e4         0x1e c:/program files (x86)/microchip/xc16/v1.31/bin/bin/../../lib\liblega-c-elf.a(xgetdst.DA_elo)
 .libc._Getdst    0x001102        0x12a c:/program files (x86)/microchip/xc16/v1.31/bin/bin/../../lib\liblega-c-elf.a(xgetdst.DA_elo)
                  0x001102                  __Getdst
 .libc._Getmem    0x00122c         0x18 c:/program files (x86)/microchip/xc16/v1.31/bin/bin/../../lib\liblega-c-elf.a(xgetmem.DA_elo)
                  0x00122c                  __Getmem
 .libc._CStrftime
                  0x001244        0x156 c:/program files (x86)/microchip/xc16/v1.31/bin/bin/../../lib\liblega-c-elf.a(xstrftim.DA_elo)
                  0x001244                  __CStrftime
 .libc.wkyr       0x00139a         0x14 c:/program files (x86)/microchip/xc16/v1.31/bin/bin/../../lib\liblega-c-elf.a(xgentime.DA_eo)
 .libc.cmp_era_date
                  0x0013ae         0x8a c:/program files (x86)/microchip/xc16/v1.31/bin/bin/../../lib\liblega-c-elf.a(xgentime.DA_eo)
 .libc.isleapyr.clone.0
                  0x001438          0x2 c:/program files (x86)/microchip/xc16/v1.31/bin/bin/../../lib\liblega-c-elf.a(xgentime.DA_eo)
 .libc.ISOwkyr.clone.1
                  0x00143a         0x62 c:/program files (x86)/microchip/xc16/v1.31/bin/bin/../../lib\liblega-c-elf.a(xgentime.DA_eo)
 .libc.ISOyear    0x00149c         0x1e c:/program files (x86)/microchip/xc16/v1.31/bin/bin/../../lib\liblega-c-elf.a(xgentime.DA_eo)
 .libc.ISOweek.clone.2
                  0x0014ba         0x2c c:/program files (x86)/microchip/xc16/v1.31/bin/bin/../../lib\liblega-c-elf.a(xgentime.DA_eo)
 .libc.getval.clone.3
                  0x0014e6         0x44 c:/program files (x86)/microchip/xc16/v1.31/bin/bin/../../lib\liblega-c-elf.a(xgentime.DA_eo)
 .libc.getera.clone.4
                  0x00152a         0x84 c:/program files (x86)/microchip/xc16/v1.31/bin/bin/../../lib\liblega-c-elf.a(xgentime.DA_eo)
 .libc._Gentime
                  0x0015ae        0x414 c:/program files (x86)/microchip/xc16/v1.31/bin/bin/../../lib\liblega-c-elf.a(xgentime.DA_eo)
                  0x0015ae                  __Gentime
 .libc.memcpy     0x0019c2         0x16 c:/program files (x86)/microchip/xc16/v1.31/bin/bin/../../lib\liblega-c-elf.a(memcpy.DA_elo)
                  0x0019c2                  _memcpy
 .libm.eqsf2      0x0019d8          0x4 c:/program files (x86)/microchip/xc16/v1.31/bin/bin/../../lib\libm-elf.a(feqltle.daeo)
                  0x0019d8                  ___eqsf2
                  0x0019d8                  ___ltsf2
                  0x0019d8                  ___lesf2
 .libm.floatdisf
                  0x0019dc         0x20 c:/program files (x86)/microchip/xc16/v1.31/bin/bin/../../lib\libm-elf.a(floatdisf.daeo)
                  0x0019dc                  ___floatdisf
 .libm.floatundisf
                  0x0019fc         0x5e c:/program files (x86)/microchip/xc16/v1.31/bin/bin/../../lib\libm-elf.a(floatundisf.daeo)
                  0x0019fc                  ___floatundisf
 .libm.fpack      0x001a5a         0x4c c:/program files (x86)/microchip/xc16/v1.31/bin/bin/../../lib\libm-elf.a(fpack.daeo)
                  0x001a5a                  __fpack
 .libm.modsi3     0x001aa6         0x1e c:/program files (x86)/microchip/xc16/v1.31/bin/bin/../../lib\libm-elf.a(modsi3.daeo)
                  0x001aa6                  ___modsi3
 .libm.mulsi3     0x001ac4          0xc c:/program files (x86)/microchip/xc16/v1.31/bin/bin/../../lib\libm-elf.a(mulsi3.daeo)
                  0x001ac4                  ___mulp32peds3
                  0x001ac4                  ___mulsi3
                  0x001ac4                  ___mulp32eds3
 .libm.__muldi3
                  0x001ad0         0x52 c:/program files (x86)/microchip/xc16/v1.31/bin/bin/../../lib\libm-elf.a(muldi3.daeo)
                  0x001ad0                  ___muldi3
 .libm.fcompare
                  0x001b22         0x36 c:/program files (x86)/microchip/xc16/v1.31/bin/bin/../../lib\libm-elf.a(fcompare.daeo)
                  0x001b22                  __fcompare
 .libm.funpack2
                  0x001b58         0x10 c:/program files (x86)/microchip/xc16/v1.31/bin/bin/../../lib\libm-elf.a(funpack2.daeo)
                  0x001b58                  __funpack2
 .libm.umuldi3    0x001b68         0x44 c:/program files (x86)/microchip/xc16/v1.31/bin/bin/../../lib\libm-elf.a(umuldi3.daeo)
                  0x001b68                  ___umuldi3
 .libm.funpack    0x001bac         0x2a c:/program files (x86)/microchip/xc16/v1.31/bin/bin/../../lib\libm-elf.a(funpack.daeo)
                  0x001bac                  __funpack

usercode
 *(usercode)

__CONFIG4
 *(__CONFIG4.sec*)

__CONFIG3
 *(__CONFIG3.sec*)

__CONFIG2
 *(__CONFIG2.sec*)

__CONFIG1
 *(__CONFIG1.sec*)

.comment
 *(.comment)

.debug_info       0x000000      0x1280e
 *(.debug_info)
 .debug_info      0x000000        0x92b build/default/debug/BSP/bsp.o
 .debug_info      0x00092b         0x83 build/default/debug/BSP/bsp_a.o
 .debug_info      0x0009ae       0x1552 build/default/debug/BSP/NVIC.o
 .debug_info      0x001f00        0xc30 build/default/debug/BSP/RS485.o
 .debug_info      0x002b30        0xa0e build/default/debug/BSP/PPS.o
 .debug_info      0x00353e        0xc34 build/default/debug/BSP/UART2.o
 .debug_info      0x004172        0xba1 build/default/debug/BSP/UART3.o
 .debug_info      0x004d13        0x75a build/default/debug/BSP/INT.o
 .debug_info      0x00546d        0x7b2 build/default/debug/BSP/I2C.o
 .debug_info      0x005c1f        0x2ad build/default/debug/BSP/DeepSleep.o
 .debug_info      0x005ecc        0xa74 build/default/debug/BSP/RTCC.o
 .debug_info      0x006940        0x5d0 build/default/debug/uC-CPU/cpu_core.o
 .debug_info      0x006f10        0x5df build/default/debug/uC-LIB/lib_ascii.o
 .debug_info      0x0074ef        0x3bb build/default/debug/uC-LIB/lib_math.o
 .debug_info      0x0078aa       0x1ab8 build/default/debug/uC-LIB/lib_mem.o
 .debug_info      0x009362       0x10ed build/default/debug/uC-LIB/lib_str.o
 .debug_info      0x00a44f         0x90 build/default/debug/uCOS-II/Ports/os_cpu_a.o
 .debug_info      0x00a4df        0x7cb build/default/debug/uCOS-II/Ports/os_cpu_c.o
 .debug_info      0x00acaa       0x1481 build/default/debug/uCOS-II/Source/os_core.o
 .debug_info      0x00c12b        0x10d build/default/debug/uCOS-II/Source/os_flag.o
 .debug_info      0x00c238        0x10d build/default/debug/uCOS-II/Source/os_mbox.o
 .debug_info      0x00c345        0x10e build/default/debug/uCOS-II/Source/os_mutex.o
 .debug_info      0x00c453        0x9f3 build/default/debug/uCOS-II/Source/os_sem.o
 .debug_info      0x00ce46        0xf69 build/default/debug/uCOS-II/Source/os_task.o
 .debug_info      0x00ddaf        0x74a build/default/debug/uCOS-II/Source/os_time.o
 .debug_info      0x00e4f9        0xb5b build/default/debug/User/HL6528.o
 .debug_info      0x00f054        0x964 build/default/debug/User/SerialBuffer.o
 .debug_info      0x00f9b8        0x5be build/default/debug/User/Common.o
 .debug_info      0x00ff76        0x74d build/default/debug/User/main.o
 .debug_info      0x0106c3        0x571 build/default/debug/User/WCG.o
 .debug_info      0x010c34        0x194 build/default/debug/User/PC.o
 .debug_info      0x010dc8        0x59a build/default/debug/User/E41.o
 .debug_info      0x011362        0x264 build/default/debug/User/CheckData.o
 .debug_info      0x0115c6        0x915 build/default/debug/User/CAT24C512.o
 .debug_info      0x011edb        0x933 build/default/debug/User/PCF8583.o
 *(.gnu.linkonce.wi.*)

.debug_abbrev     0x000000       0x2524
 *(.debug_abbrev)
 .debug_abbrev    0x000000        0x151 build/default/debug/BSP/bsp.o
 .debug_abbrev    0x000151         0x14 build/default/debug/BSP/bsp_a.o
 .debug_abbrev    0x000165        0x1d5 build/default/debug/BSP/NVIC.o
 .debug_abbrev    0x00033a        0x131 build/default/debug/BSP/RS485.o
 .debug_abbrev    0x00046b         0xb8 build/default/debug/BSP/PPS.o
 .debug_abbrev    0x000523        0x139 build/default/debug/BSP/UART2.o
 .debug_abbrev    0x00065c        0x139 build/default/debug/BSP/UART3.o
 .debug_abbrev    0x000795         0xa7 build/default/debug/BSP/INT.o
 .debug_abbrev    0x00083c         0xe6 build/default/debug/BSP/I2C.o
 .debug_abbrev    0x000922          0x1 build/default/debug/BSP/Sleep.o
 .debug_abbrev    0x000923         0x8e build/default/debug/BSP/DeepSleep.o
 .debug_abbrev    0x0009b1        0x15c build/default/debug/BSP/RTCC.o
 .debug_abbrev    0x000b0d         0xc0 build/default/debug/uC-CPU/cpu_core.o
 .debug_abbrev    0x000bcd         0xb1 build/default/debug/uC-LIB/lib_ascii.o
 .debug_abbrev    0x000c7e        0x16a build/default/debug/uC-LIB/lib_math.o
 .debug_abbrev    0x000de8        0x1fb build/default/debug/uC-LIB/lib_mem.o
 .debug_abbrev    0x000fe3         0xf1 build/default/debug/uC-LIB/lib_str.o
 .debug_abbrev    0x0010d4         0x14 build/default/debug/uCOS-II/Ports/os_cpu_a.o
 .debug_abbrev    0x0010e8        0x148 build/default/debug/uCOS-II/Ports/os_cpu_c.o
 .debug_abbrev    0x001230        0x254 build/default/debug/uCOS-II/Source/os_core.o
 .debug_abbrev    0x001484         0x1f build/default/debug/uCOS-II/Source/os_flag.o
 .debug_abbrev    0x0014a3         0x1f build/default/debug/uCOS-II/Source/os_mbox.o
 .debug_abbrev    0x0014c2         0x1f build/default/debug/uCOS-II/Source/os_mutex.o
 .debug_abbrev    0x0014e1        0x1c0 build/default/debug/uCOS-II/Source/os_sem.o
 .debug_abbrev    0x0016a1        0x1d6 build/default/debug/uCOS-II/Source/os_task.o
 .debug_abbrev    0x001877        0x13e build/default/debug/uCOS-II/Source/os_time.o
 .debug_abbrev    0x0019b5        0x1ba build/default/debug/User/HL6528.o
 .debug_abbrev    0x001b6f        0x180 build/default/debug/User/SerialBuffer.o
 .debug_abbrev    0x001cef         0xa1 build/default/debug/User/Common.o
 .debug_abbrev    0x001d90        0x1cf build/default/debug/User/main.o
 .debug_abbrev    0x001f5f         0xd6 build/default/debug/User/WCG.o
 .debug_abbrev    0x002035         0x5f build/default/debug/User/PC.o
 .debug_abbrev    0x002094        0x170 build/default/debug/User/E41.o
 .debug_abbrev    0x002204         0x73 build/default/debug/User/CheckData.o
 .debug_abbrev    0x002277        0x133 build/default/debug/User/CAT24C512.o
 .debug_abbrev    0x0023aa        0x17a build/default/debug/User/PCF8583.o

.debug_line       0x000000       0x28b8
 *(.debug_line)
 .debug_line      0x000000        0x106 build/default/debug/BSP/bsp.o
 .debug_line      0x000106         0x53 build/default/debug/BSP/bsp_a.o
 .debug_line      0x000159        0x1f3 build/default/debug/BSP/NVIC.o
 .debug_line      0x00034c        0x114 build/default/debug/BSP/RS485.o
 .debug_line      0x000460         0x9c build/default/debug/BSP/PPS.o
 .debug_line      0x0004fc        0x121 build/default/debug/BSP/UART2.o
 .debug_line      0x00061d        0x11d build/default/debug/BSP/UART3.o
 .debug_line      0x00073a         0x9f build/default/debug/BSP/INT.o
 .debug_line      0x0007d9         0xfc build/default/debug/BSP/I2C.o
 .debug_line      0x0008d5         0x1a build/default/debug/BSP/Sleep.o
 .debug_line      0x0008ef         0xa7 build/default/debug/BSP/DeepSleep.o
 .debug_line      0x000996        0x15d build/default/debug/BSP/RTCC.o
 .debug_line      0x000af3         0xf1 build/default/debug/uC-CPU/cpu_core.o
 .debug_line      0x000be4         0xc4 build/default/debug/uC-LIB/lib_ascii.o
 .debug_line      0x000ca8         0xd8 build/default/debug/uC-LIB/lib_math.o
 .debug_line      0x000d80        0x32d build/default/debug/uC-LIB/lib_mem.o
 .debug_line      0x0010ad        0x2bb build/default/debug/uC-LIB/lib_str.o
 .debug_line      0x001368         0x6f build/default/debug/uCOS-II/Ports/os_cpu_a.o
 .debug_line      0x0013d7        0x112 build/default/debug/uCOS-II/Ports/os_cpu_c.o
 .debug_line      0x0014e9         0x1a build/default/debug/uCOS-II/Ports/os_cpu_util_a.o
 .debug_line      0x001503        0x372 build/default/debug/uCOS-II/Source/os_core.o
 .debug_line      0x001875         0x1a build/default/debug/uCOS-II/Source/os_flag.o
 .debug_line      0x00188f         0x1a build/default/debug/uCOS-II/Source/os_mbox.o
 .debug_line      0x0018a9         0x1a build/default/debug/uCOS-II/Source/os_mutex.o
 .debug_line      0x0018c3        0x1ab build/default/debug/uCOS-II/Source/os_sem.o
 .debug_line      0x001a6e        0x2b1 build/default/debug/uCOS-II/Source/os_task.o
 .debug_line      0x001d1f         0xf9 build/default/debug/uCOS-II/Source/os_time.o
 .debug_line      0x001e18        0x184 build/default/debug/User/HL6528.o
 .debug_line      0x001f9c        0x17c build/default/debug/User/SerialBuffer.o
 .debug_line      0x002118         0xee build/default/debug/User/Common.o
 .debug_line      0x002206        0x17c build/default/debug/User/main.o
 .debug_line      0x002382         0xa7 build/default/debug/User/WCG.o
 .debug_line      0x002429         0x3a build/default/debug/User/PC.o
 .debug_line      0x002463        0x133 build/default/debug/User/E41.o
 .debug_line      0x002596         0xae build/default/debug/User/CheckData.o
 .debug_line      0x002644        0x118 build/default/debug/User/CAT24C512.o
 .debug_line      0x00275c        0x15c build/default/debug/User/PCF8583.o

.debug_frame      0x000000       0x2000
 *(.debug_frame)
 .debug_frame     0x000000        0x12c build/default/debug/BSP/bsp.o
 .debug_frame     0x00012c        0x21e build/default/debug/BSP/NVIC.o
 .debug_frame     0x00034a         0xa0 build/default/debug/BSP/RS485.o
 .debug_frame     0x0003ea         0x30 build/default/debug/BSP/PPS.o
 .debug_frame     0x00041a         0xf4 build/default/debug/BSP/UART2.o
 .debug_frame     0x00050e         0xd8 build/default/debug/BSP/UART3.o
 .debug_frame     0x0005e6         0x68 build/default/debug/BSP/INT.o
 .debug_frame     0x00064e         0x4c build/default/debug/BSP/I2C.o
 .debug_frame     0x00069a         0x30 build/default/debug/BSP/DeepSleep.o
 .debug_frame     0x0006ca         0xac build/default/debug/BSP/RTCC.o
 .debug_frame     0x000776        0x16c build/default/debug/uC-CPU/cpu_core.o
 .debug_frame     0x0008e2        0x1d4 build/default/debug/uC-LIB/lib_ascii.o
 .debug_frame     0x000ab6         0x84 build/default/debug/uC-LIB/lib_math.o
 .debug_frame     0x000b3a        0x34c build/default/debug/uC-LIB/lib_mem.o
 .debug_frame     0x000e86        0x2c0 build/default/debug/uC-LIB/lib_str.o
 .debug_frame     0x001146        0x12c build/default/debug/uCOS-II/Ports/os_cpu_c.o
 .debug_frame     0x001272        0x3e8 build/default/debug/uCOS-II/Source/os_core.o
 .debug_frame     0x00165a         0xf4 build/default/debug/uCOS-II/Source/os_sem.o
 .debug_frame     0x00174e        0x1d4 build/default/debug/uCOS-II/Source/os_task.o
 .debug_frame     0x001922         0x52 build/default/debug/uCOS-II/Source/os_time.o
 .debug_frame     0x001974         0xa0 build/default/debug/User/HL6528.o
 .debug_frame     0x001a14        0x110 build/default/debug/User/SerialBuffer.o
 .debug_frame     0x001b24        0x180 build/default/debug/User/Common.o
 .debug_frame     0x001ca4         0xca build/default/debug/User/main.o
 .debug_frame     0x001d6e         0x4c build/default/debug/User/WCG.o
 .debug_frame     0x001dba         0x4c build/default/debug/User/PC.o
 .debug_frame     0x001e06         0x84 build/default/debug/User/E41.o
 .debug_frame     0x001e8a         0x4c build/default/debug/User/CheckData.o
 .debug_frame     0x001ed6         0x68 build/default/debug/User/CAT24C512.o
 .debug_frame     0x001f3e         0xc2 build/default/debug/User/PCF8583.o

.debug_str        0x000000        0x9e5
 *(.debug_str)
 .debug_str       0x000000         0x29 build/default/debug/BSP/bsp.o
 .debug_str       0x000029         0xd8 build/default/debug/BSP/NVIC.o
 .debug_str       0x000101         0x53 build/default/debug/BSP/RS485.o
 .debug_str       0x000154         0x44 build/default/debug/BSP/PPS.o
 .debug_str       0x000198         0x43 build/default/debug/BSP/UART2.o
 .debug_str       0x0001db         0x4d build/default/debug/BSP/UART3.o
 .debug_str       0x000228         0x31 build/default/debug/BSP/INT.o
 .debug_str       0x000259         0x28 build/default/debug/BSP/I2C.o
 .debug_str       0x000281          0x9 build/default/debug/BSP/DeepSleep.o
 .debug_str       0x00028a         0x4a build/default/debug/BSP/RTCC.o
 .debug_str       0x0002d4         0x2c build/default/debug/uC-CPU/cpu_core.o
 .debug_str       0x000300         0x1a build/default/debug/uC-LIB/lib_math.o
 .debug_str       0x00031a        0x14d build/default/debug/uC-LIB/lib_mem.o
 .debug_str       0x000467         0xf4 build/default/debug/uC-LIB/lib_str.o
 .debug_str       0x00055b          0xb build/default/debug/uCOS-II/Ports/os_cpu_c.o
 .debug_str       0x000566        0x163 build/default/debug/uCOS-II/Source/os_core.o
 .debug_str       0x0006c9         0x58 build/default/debug/uCOS-II/Source/os_sem.o
 .debug_str       0x000721         0x95 build/default/debug/uCOS-II/Source/os_task.o
 .debug_str       0x0007b6         0x36 build/default/debug/uCOS-II/Source/os_time.o
 .debug_str       0x0007ec         0x48 build/default/debug/User/HL6528.o
 .debug_str       0x000834         0xc5 build/default/debug/User/SerialBuffer.o
 .debug_str       0x0008f9         0x4f build/default/debug/User/main.o
 .debug_str       0x000948         0x2e build/default/debug/User/WCG.o
 .debug_str       0x000976         0x21 build/default/debug/User/E41.o
 .debug_str       0x000997         0x27 build/default/debug/User/CAT24C512.o
 .debug_str       0x0009be         0x27 build/default/debug/User/PCF8583.o

.debug_loc
 *(.debug_loc)

.debug_macinfo
 *(.debug_macinfo)

.debug_pubnames
                  0x000000       0x177e
 *(.debug_pubnames)
 .debug_pubnames
                  0x000000         0xb8 build/default/debug/BSP/bsp.o
 .debug_pubnames
                  0x0000b8         0xd7 build/default/debug/BSP/NVIC.o
 .debug_pubnames
                  0x00018f         0x64 build/default/debug/BSP/RS485.o
 .debug_pubnames
                  0x0001f3         0x1e build/default/debug/BSP/PPS.o
 .debug_pubnames
                  0x000211         0xa2 build/default/debug/BSP/UART2.o
 .debug_pubnames
                  0x0002b3         0x8c build/default/debug/BSP/UART3.o
 .debug_pubnames
                  0x00033f         0x3d build/default/debug/BSP/INT.o
 .debug_pubnames
                  0x00037c         0x48 build/default/debug/BSP/I2C.o
 .debug_pubnames
                  0x0003c4         0x20 build/default/debug/BSP/DeepSleep.o
 .debug_pubnames
                  0x0003e4         0x62 build/default/debug/BSP/RTCC.o
 .debug_pubnames
                  0x000446        0x132 build/default/debug/uC-CPU/cpu_core.o
 .debug_pubnames
                  0x000578        0x130 build/default/debug/uC-LIB/lib_ascii.o
 .debug_pubnames
                  0x0006a8         0x6a build/default/debug/uC-LIB/lib_math.o
 .debug_pubnames
                  0x000712        0x203 build/default/debug/uC-LIB/lib_mem.o
 .debug_pubnames
                  0x000915        0x18e build/default/debug/uC-LIB/lib_str.o
 .debug_pubnames
                  0x000aa3         0xcf build/default/debug/uCOS-II/Ports/os_cpu_c.o
 .debug_pubnames
                  0x000b72        0x39c build/default/debug/uCOS-II/Source/os_core.o
 .debug_pubnames
                  0x000f0e         0x8a build/default/debug/uCOS-II/Source/os_sem.o
 .debug_pubnames
                  0x000f98        0x12c build/default/debug/uCOS-II/Source/os_task.o
 .debug_pubnames
                  0x0010c4         0x32 build/default/debug/uCOS-II/Source/os_time.o
 .debug_pubnames
                  0x0010f6        0x127 build/default/debug/User/HL6528.o
 .debug_pubnames
                  0x00121d        0x178 build/default/debug/User/SerialBuffer.o
 .debug_pubnames
                  0x001395         0xc5 build/default/debug/User/Common.o
 .debug_pubnames
                  0x00145a         0xc4 build/default/debug/User/main.o
 .debug_pubnames
                  0x00151e         0xb5 build/default/debug/User/WCG.o
 .debug_pubnames
                  0x0015d3         0x2f build/default/debug/User/PC.o
 .debug_pubnames
                  0x001602         0x55 build/default/debug/User/E41.o
 .debug_pubnames
                  0x001657         0x35 build/default/debug/User/CheckData.o
 .debug_pubnames
                  0x00168c         0x5d build/default/debug/User/CAT24C512.o
 .debug_pubnames
                  0x0016e9         0x95 build/default/debug/User/PCF8583.o

.debug_ranges
 *(.debug_ranges)

.debug_aranges    0x000000        0x300
 *(.debug_aranges)
 .debug_aranges
                  0x000000         0x18 build/default/debug/BSP/bsp.o
 .debug_aranges
                  0x000018         0x18 build/default/debug/BSP/bsp_a.o
 .debug_aranges
                  0x000030         0x18 build/default/debug/BSP/NVIC.o
 .debug_aranges
                  0x000048         0x18 build/default/debug/BSP/RS485.o
 .debug_aranges
                  0x000060         0x18 build/default/debug/BSP/PPS.o
 .debug_aranges
                  0x000078         0x18 build/default/debug/BSP/UART2.o
 .debug_aranges
                  0x000090         0x18 build/default/debug/BSP/UART3.o
 .debug_aranges
                  0x0000a8         0x18 build/default/debug/BSP/INT.o
 .debug_aranges
                  0x0000c0         0x18 build/default/debug/BSP/I2C.o
 .debug_aranges
                  0x0000d8         0x18 build/default/debug/BSP/DeepSleep.o
 .debug_aranges
                  0x0000f0         0x18 build/default/debug/BSP/RTCC.o
 .debug_aranges
                  0x000108         0x18 build/default/debug/uC-CPU/cpu_core.o
 .debug_aranges
                  0x000120         0x18 build/default/debug/uC-LIB/lib_ascii.o
 .debug_aranges
                  0x000138         0x18 build/default/debug/uC-LIB/lib_math.o
 .debug_aranges
                  0x000150         0x18 build/default/debug/uC-LIB/lib_mem.o
 .debug_aranges
                  0x000168         0x18 build/default/debug/uC-LIB/lib_str.o
 .debug_aranges
                  0x000180         0x18 build/default/debug/uCOS-II/Ports/os_cpu_a.o
 .debug_aranges
                  0x000198         0x18 build/default/debug/uCOS-II/Ports/os_cpu_c.o
 .debug_aranges
                  0x0001b0         0x18 build/default/debug/uCOS-II/Source/os_core.o
 .debug_aranges
                  0x0001c8         0x18 build/default/debug/uCOS-II/Source/os_sem.o
 .debug_aranges
                  0x0001e0         0x18 build/default/debug/uCOS-II/Source/os_task.o
 .debug_aranges
                  0x0001f8         0x18 build/default/debug/uCOS-II/Source/os_time.o
 .debug_aranges
                  0x000210         0x18 build/default/debug/User/HL6528.o
 .debug_aranges
                  0x000228         0x18 build/default/debug/User/SerialBuffer.o
 .debug_aranges
                  0x000240         0x18 build/default/debug/User/Common.o
 .debug_aranges
                  0x000258         0x18 build/default/debug/User/main.o
 .debug_aranges
                  0x000270         0x18 build/default/debug/User/WCG.o
 .debug_aranges
                  0x000288         0x18 build/default/debug/User/PC.o
 .debug_aranges
                  0x0002a0         0x18 build/default/debug/User/E41.o
 .debug_aranges
                  0x0002b8         0x18 build/default/debug/User/CheckData.o
 .debug_aranges
                  0x0002d0         0x18 build/default/debug/User/CAT24C512.o
 .debug_aranges
                  0x0002e8         0x18 build/default/debug/User/PCF8583.o
                    0x0000                  WREG0 = 0x0
                    0x0000                  _WREG0 = 0x0
                    0x0002                  WREG1 = 0x2
                    0x0002                  _WREG1 = 0x2
                    0x0004                  WREG2 = 0x4
                    0x0004                  _WREG2 = 0x4
                    0x0006                  WREG3 = 0x6
                    0x0006                  _WREG3 = 0x6
                    0x0008                  WREG4 = 0x8
                    0x0008                  _WREG4 = 0x8
                    0x000a                  WREG5 = 0xa
                    0x000a                  _WREG5 = 0xa
                    0x000c                  WREG6 = 0xc
                    0x000c                  _WREG6 = 0xc
                    0x000e                  WREG7 = 0xe
                    0x000e                  _WREG7 = 0xe
                    0x0010                  WREG8 = 0x10
                    0x0010                  _WREG8 = 0x10
                    0x0012                  WREG9 = 0x12
                    0x0012                  _WREG9 = 0x12
                    0x0014                  WREG10 = 0x14
                    0x0014                  _WREG10 = 0x14
                    0x0016                  WREG11 = 0x16
                    0x0016                  _WREG11 = 0x16
                    0x0018                  WREG12 = 0x18
                    0x0018                  _WREG12 = 0x18
                    0x001a                  WREG13 = 0x1a
                    0x001a                  _WREG13 = 0x1a
                    0x001c                  WREG14 = 0x1c
                    0x001c                  _WREG14 = 0x1c
                    0x001e                  WREG15 = 0x1e
                    0x001e                  _WREG15 = 0x1e
                    0x0020                  SPLIM = 0x20
                    0x0020                  _SPLIM = 0x20
                    0x002e                  PCL = 0x2e
                    0x002e                  _PCL = 0x2e
                    0x0030                  PCH = 0x30
                    0x0030                  _PCH = 0x30
                    0x0032                  DSRPAG = 0x32
                    0x0032                  _DSRPAG = 0x32
                    0x0034                  DSWPAG = 0x34
                    0x0034                  _DSWPAG = 0x34
                    0x0036                  RCOUNT = 0x36
                    0x0036                  _RCOUNT = 0x36
                    0x0042                  SR = 0x42
                    0x0042                  _SR = 0x42
                    0x0042                  _SRbits = 0x42
                    0x0044                  CORCON = 0x44
                    0x0044                  _CORCON = 0x44
                    0x0044                  _CORCONbits = 0x44
                    0x0052                  DISICNT = 0x52
                    0x0052                  _DISICNT = 0x52
                    0x0054                  TBLPAG = 0x54
                    0x0054                  _TBLPAG = 0x54
                    0x0056                  CNPD1 = 0x56
                    0x0056                  _CNPD1 = 0x56
                    0x0056                  _CNPD1bits = 0x56
                    0x0058                  CNPD2 = 0x58
                    0x0058                  _CNPD2 = 0x58
                    0x0058                  _CNPD2bits = 0x58
                    0x005a                  CNPD3 = 0x5a
                    0x005a                  _CNPD3 = 0x5a
                    0x005a                  _CNPD3bits = 0x5a
                    0x005c                  CNPD4 = 0x5c
                    0x005c                  _CNPD4 = 0x5c
                    0x005c                  _CNPD4bits = 0x5c
                    0x005e                  CNPD5 = 0x5e
                    0x005e                  _CNPD5 = 0x5e
                    0x005e                  _CNPD5bits = 0x5e
                    0x0060                  CNPD6 = 0x60
                    0x0060                  _CNPD6 = 0x60
                    0x0060                  _CNPD6bits = 0x60
                    0x0062                  CNEN1 = 0x62
                    0x0062                  _CNEN1 = 0x62
                    0x0062                  _CNEN1bits = 0x62
                    0x0064                  CNEN2 = 0x64
                    0x0064                  _CNEN2 = 0x64
                    0x0064                  _CNEN2bits = 0x64
                    0x0066                  CNEN3 = 0x66
                    0x0066                  _CNEN3 = 0x66
                    0x0066                  _CNEN3bits = 0x66
                    0x0068                  CNEN4 = 0x68
                    0x0068                  _CNEN4 = 0x68
                    0x0068                  _CNEN4bits = 0x68
                    0x006a                  CNEN5 = 0x6a
                    0x006a                  _CNEN5 = 0x6a
                    0x006a                  _CNEN5bits = 0x6a
                    0x006c                  CNEN6 = 0x6c
                    0x006c                  _CNEN6 = 0x6c
                    0x006c                  _CNEN6bits = 0x6c
                    0x006e                  CNPU1 = 0x6e
                    0x006e                  _CNPU1 = 0x6e
                    0x006e                  _CNPU1bits = 0x6e
                    0x0070                  CNPU2 = 0x70
                    0x0070                  _CNPU2 = 0x70
                    0x0070                  _CNPU2bits = 0x70
                    0x0072                  CNPU3 = 0x72
                    0x0072                  _CNPU3 = 0x72
                    0x0072                  _CNPU3bits = 0x72
                    0x0074                  CNPU4 = 0x74
                    0x0074                  _CNPU4 = 0x74
                    0x0074                  _CNPU4bits = 0x74
                    0x0076                  CNPU5 = 0x76
                    0x0076                  _CNPU5 = 0x76
                    0x0076                  _CNPU5bits = 0x76
                    0x0078                  CNPU6 = 0x78
                    0x0078                  _CNPU6 = 0x78
                    0x0078                  _CNPU6bits = 0x78
                    0x0080                  INTCON1 = 0x80
                    0x0080                  _INTCON1 = 0x80
                    0x0080                  _INTCON1bits = 0x80
                    0x0082                  INTCON2 = 0x82
                    0x0082                  _INTCON2 = 0x82
                    0x0082                  _INTCON2bits = 0x82
                    0x0084                  IFS0 = 0x84
                    0x0084                  _IFS0 = 0x84
                    0x0084                  _IFS0bits = 0x84
                    0x0086                  IFS1 = 0x86
                    0x0086                  _IFS1 = 0x86
                    0x0086                  _IFS1bits = 0x86
                    0x0088                  IFS2 = 0x88
                    0x0088                  _IFS2 = 0x88
                    0x0088                  _IFS2bits = 0x88
                    0x008a                  IFS3 = 0x8a
                    0x008a                  _IFS3 = 0x8a
                    0x008a                  _IFS3bits = 0x8a
                    0x008c                  IFS4 = 0x8c
                    0x008c                  _IFS4 = 0x8c
                    0x008c                  _IFS4bits = 0x8c
                    0x008e                  IFS5 = 0x8e
                    0x008e                  _IFS5 = 0x8e
                    0x008e                  _IFS5bits = 0x8e
                    0x0090                  IFS6 = 0x90
                    0x0090                  _IFS6 = 0x90
                    0x0090                  _IFS6bits = 0x90
                    0x0092                  IFS7 = 0x92
                    0x0092                  _IFS7 = 0x92
                    0x0092                  _IFS7bits = 0x92
                    0x0094                  IEC0 = 0x94
                    0x0094                  _IEC0 = 0x94
                    0x0094                  _IEC0bits = 0x94
                    0x0096                  IEC1 = 0x96
                    0x0096                  _IEC1 = 0x96
                    0x0096                  _IEC1bits = 0x96
                    0x0098                  IEC2 = 0x98
                    0x0098                  _IEC2 = 0x98
                    0x0098                  _IEC2bits = 0x98
                    0x009a                  IEC3 = 0x9a
                    0x009a                  _IEC3 = 0x9a
                    0x009a                  _IEC3bits = 0x9a
                    0x009c                  IEC4 = 0x9c
                    0x009c                  _IEC4 = 0x9c
                    0x009c                  _IEC4bits = 0x9c
                    0x009e                  IEC5 = 0x9e
                    0x009e                  _IEC5 = 0x9e
                    0x009e                  _IEC5bits = 0x9e
                    0x00a0                  IEC6 = 0xa0
                    0x00a0                  _IEC6 = 0xa0
                    0x00a0                  _IEC6bits = 0xa0
                    0x00a2                  IEC7 = 0xa2
                    0x00a2                  _IEC7 = 0xa2
                    0x00a2                  _IEC7bits = 0xa2
                    0x00a4                  IPC0 = 0xa4
                    0x00a4                  _IPC0 = 0xa4
                    0x00a4                  _IPC0bits = 0xa4
                    0x00a6                  IPC1 = 0xa6
                    0x00a6                  _IPC1 = 0xa6
                    0x00a6                  _IPC1bits = 0xa6
                    0x00a8                  IPC2 = 0xa8
                    0x00a8                  _IPC2 = 0xa8
                    0x00a8                  _IPC2bits = 0xa8
                    0x00aa                  IPC3 = 0xaa
                    0x00aa                  _IPC3 = 0xaa
                    0x00aa                  _IPC3bits = 0xaa
                    0x00ac                  IPC4 = 0xac
                    0x00ac                  _IPC4 = 0xac
                    0x00ac                  _IPC4bits = 0xac
                    0x00ae                  IPC5 = 0xae
                    0x00ae                  _IPC5 = 0xae
                    0x00ae                  _IPC5bits = 0xae
                    0x00b0                  IPC6 = 0xb0
                    0x00b0                  _IPC6 = 0xb0
                    0x00b0                  _IPC6bits = 0xb0
                    0x00b2                  IPC7 = 0xb2
                    0x00b2                  _IPC7 = 0xb2
                    0x00b2                  _IPC7bits = 0xb2
                    0x00b4                  IPC8 = 0xb4
                    0x00b4                  _IPC8 = 0xb4
                    0x00b4                  _IPC8bits = 0xb4
                    0x00b6                  IPC9 = 0xb6
                    0x00b6                  _IPC9 = 0xb6
                    0x00b6                  _IPC9bits = 0xb6
                    0x00b8                  IPC10 = 0xb8
                    0x00b8                  _IPC10 = 0xb8
                    0x00b8                  _IPC10bits = 0xb8
                    0x00ba                  IPC11 = 0xba
                    0x00ba                  _IPC11 = 0xba
                    0x00ba                  _IPC11bits = 0xba
                    0x00bc                  IPC12 = 0xbc
                    0x00bc                  _IPC12 = 0xbc
                    0x00bc                  _IPC12bits = 0xbc
                    0x00be                  IPC13 = 0xbe
                    0x00be                  _IPC13 = 0xbe
                    0x00be                  _IPC13bits = 0xbe
                    0x00c2                  IPC15 = 0xc2
                    0x00c2                  _IPC15 = 0xc2
                    0x00c2                  _IPC15bits = 0xc2
                    0x00c4                  IPC16 = 0xc4
                    0x00c4                  _IPC16 = 0xc4
                    0x00c4                  _IPC16bits = 0xc4
                    0x00c8                  IPC18 = 0xc8
                    0x00c8                  _IPC18 = 0xc8
                    0x00c8                  _IPC18bits = 0xc8
                    0x00ca                  IPC19 = 0xca
                    0x00ca                  _IPC19 = 0xca
                    0x00ca                  _IPC19bits = 0xca
                    0x00cc                  IPC20 = 0xcc
                    0x00cc                  _IPC20 = 0xcc
                    0x00cc                  _IPC20bits = 0xcc
                    0x00ce                  IPC21 = 0xce
                    0x00ce                  _IPC21 = 0xce
                    0x00ce                  _IPC21bits = 0xce
                    0x00d0                  IPC22 = 0xd0
                    0x00d0                  _IPC22 = 0xd0
                    0x00d0                  _IPC22bits = 0xd0
                    0x00d6                  IPC25 = 0xd6
                    0x00d6                  _IPC25 = 0xd6
                    0x00d6                  _IPC25bits = 0xd6
                    0x00de                  IPC29 = 0xde
                    0x00de                  _IPC29 = 0xde
                    0x00de                  _IPC29bits = 0xde
                    0x00e0                  INTTREG = 0xe0
                    0x00e0                  _INTTREG = 0xe0
                    0x00e0                  _INTTREGbits = 0xe0
                    0x0100                  TMR1 = 0x100
                    0x0100                  _TMR1 = 0x100
                    0x0102                  PR1 = 0x102
                    0x0102                  _PR1 = 0x102
                    0x0104                  T1CON = 0x104
                    0x0104                  _T1CON = 0x104
                    0x0104                  _T1CONbits = 0x104
                    0x0106                  TMR2 = 0x106
                    0x0106                  _TMR2 = 0x106
                    0x0108                  TMR3HLD = 0x108
                    0x0108                  _TMR3HLD = 0x108
                    0x010a                  TMR3 = 0x10a
                    0x010a                  _TMR3 = 0x10a
                    0x010c                  PR2 = 0x10c
                    0x010c                  _PR2 = 0x10c
                    0x010e                  PR3 = 0x10e
                    0x010e                  _PR3 = 0x10e
                    0x0110                  T2CON = 0x110
                    0x0110                  _T2CON = 0x110
                    0x0110                  _T2CONbits = 0x110
                    0x0112                  T3CON = 0x112
                    0x0112                  _T3CON = 0x112
                    0x0112                  _T3CONbits = 0x112
                    0x0114                  TMR4 = 0x114
                    0x0114                  _TMR4 = 0x114
                    0x0116                  TMR5HLD = 0x116
                    0x0116                  _TMR5HLD = 0x116
                    0x0118                  TMR5 = 0x118
                    0x0118                  _TMR5 = 0x118
                    0x011a                  PR4 = 0x11a
                    0x011a                  _PR4 = 0x11a
                    0x011c                  PR5 = 0x11c
                    0x011c                  _PR5 = 0x11c
                    0x011e                  T4CON = 0x11e
                    0x011e                  _T4CON = 0x11e
                    0x011e                  _T4CONbits = 0x11e
                    0x0120                  T5CON = 0x120
                    0x0120                  _T5CON = 0x120
                    0x0120                  _T5CONbits = 0x120
                    0x0140                  IC1CON1 = 0x140
                    0x0140                  _IC1CON1 = 0x140
                    0x0140                  _IC1CON1bits = 0x140
                    0x0142                  IC1CON2 = 0x142
                    0x0142                  _IC1CON2 = 0x142
                    0x0142                  _IC1CON2bits = 0x142
                    0x0144                  IC1BUF = 0x144
                    0x0144                  _IC1BUF = 0x144
                    0x0146                  IC1TMR = 0x146
                    0x0146                  _IC1TMR = 0x146
                    0x0148                  IC2CON1 = 0x148
                    0x0148                  _IC2CON1 = 0x148
                    0x0148                  _IC2CON1bits = 0x148
                    0x014a                  IC2CON2 = 0x14a
                    0x014a                  _IC2CON2 = 0x14a
                    0x014a                  _IC2CON2bits = 0x14a
                    0x014c                  IC2BUF = 0x14c
                    0x014c                  _IC2BUF = 0x14c
                    0x014e                  IC2TMR = 0x14e
                    0x014e                  _IC2TMR = 0x14e
                    0x0150                  IC3CON1 = 0x150
                    0x0150                  _IC3CON1 = 0x150
                    0x0150                  _IC3CON1bits = 0x150
                    0x0152                  IC3CON2 = 0x152
                    0x0152                  _IC3CON2 = 0x152
                    0x0152                  _IC3CON2bits = 0x152
                    0x0154                  IC3BUF = 0x154
                    0x0154                  _IC3BUF = 0x154
                    0x0156                  IC3TMR = 0x156
                    0x0156                  _IC3TMR = 0x156
                    0x0158                  IC4CON1 = 0x158
                    0x0158                  _IC4CON1 = 0x158
                    0x0158                  _IC4CON1bits = 0x158
                    0x015a                  IC4CON2 = 0x15a
                    0x015a                  _IC4CON2 = 0x15a
                    0x015a                  _IC4CON2bits = 0x15a
                    0x015c                  IC4BUF = 0x15c
                    0x015c                  _IC4BUF = 0x15c
                    0x015e                  IC4TMR = 0x15e
                    0x015e                  _IC4TMR = 0x15e
                    0x0160                  IC5CON1 = 0x160
                    0x0160                  _IC5CON1 = 0x160
                    0x0160                  _IC5CON1bits = 0x160
                    0x0162                  IC5CON2 = 0x162
                    0x0162                  _IC5CON2 = 0x162
                    0x0162                  _IC5CON2bits = 0x162
                    0x0164                  IC5BUF = 0x164
                    0x0164                  _IC5BUF = 0x164
                    0x0166                  IC5TMR = 0x166
                    0x0166                  _IC5TMR = 0x166
                    0x0168                  IC6CON1 = 0x168
                    0x0168                  _IC6CON1 = 0x168
                    0x0168                  _IC6CON1bits = 0x168
                    0x016a                  IC6CON2 = 0x16a
                    0x016a                  _IC6CON2 = 0x16a
                    0x016a                  _IC6CON2bits = 0x16a
                    0x016c                  IC6BUF = 0x16c
                    0x016c                  _IC6BUF = 0x16c
                    0x016e                  IC6TMR = 0x16e
                    0x016e                  _IC6TMR = 0x16e
                    0x0170                  IC7CON1 = 0x170
                    0x0170                  _IC7CON1 = 0x170
                    0x0170                  _IC7CON1bits = 0x170
                    0x0172                  IC7CON2 = 0x172
                    0x0172                  _IC7CON2 = 0x172
                    0x0172                  _IC7CON2bits = 0x172
                    0x0174                  IC7BUF = 0x174
                    0x0174                  _IC7BUF = 0x174
                    0x0176                  IC7TMR = 0x176
                    0x0176                  _IC7TMR = 0x176
                    0x0190                  OC1CON1 = 0x190
                    0x0190                  _OC1CON1 = 0x190
                    0x0190                  _OC1CON1bits = 0x190
                    0x0192                  OC1CON2 = 0x192
                    0x0192                  _OC1CON2 = 0x192
                    0x0192                  _OC1CON2bits = 0x192
                    0x0194                  OC1RS = 0x194
                    0x0194                  _OC1RS = 0x194
                    0x0196                  OC1R = 0x196
                    0x0196                  _OC1R = 0x196
                    0x0198                  OC1TMR = 0x198
                    0x0198                  _OC1TMR = 0x198
                    0x019a                  OC2CON1 = 0x19a
                    0x019a                  _OC2CON1 = 0x19a
                    0x019a                  _OC2CON1bits = 0x19a
                    0x019c                  OC2CON2 = 0x19c
                    0x019c                  _OC2CON2 = 0x19c
                    0x019c                  _OC2CON2bits = 0x19c
                    0x019e                  OC2RS = 0x19e
                    0x019e                  _OC2RS = 0x19e
                    0x01a0                  OC2R = 0x1a0
                    0x01a0                  _OC2R = 0x1a0
                    0x01a2                  OC2TMR = 0x1a2
                    0x01a2                  _OC2TMR = 0x1a2
                    0x01a4                  OC3CON1 = 0x1a4
                    0x01a4                  _OC3CON1 = 0x1a4
                    0x01a4                  _OC3CON1bits = 0x1a4
                    0x01a6                  OC3CON2 = 0x1a6
                    0x01a6                  _OC3CON2 = 0x1a6
                    0x01a6                  _OC3CON2bits = 0x1a6
                    0x01a8                  OC3RS = 0x1a8
                    0x01a8                  _OC3RS = 0x1a8
                    0x01aa                  OC3R = 0x1aa
                    0x01aa                  _OC3R = 0x1aa
                    0x01ac                  OC3TMR = 0x1ac
                    0x01ac                  _OC3TMR = 0x1ac
                    0x01ae                  OC4CON1 = 0x1ae
                    0x01ae                  _OC4CON1 = 0x1ae
                    0x01ae                  _OC4CON1bits = 0x1ae
                    0x01b0                  OC4CON2 = 0x1b0
                    0x01b0                  _OC4CON2 = 0x1b0
                    0x01b0                  _OC4CON2bits = 0x1b0
                    0x01b2                  OC4RS = 0x1b2
                    0x01b2                  _OC4RS = 0x1b2
                    0x01b4                  OC4R = 0x1b4
                    0x01b4                  _OC4R = 0x1b4
                    0x01b6                  OC4TMR = 0x1b6
                    0x01b6                  _OC4TMR = 0x1b6
                    0x01b8                  OC5CON1 = 0x1b8
                    0x01b8                  _OC5CON1 = 0x1b8
                    0x01b8                  _OC5CON1bits = 0x1b8
                    0x01ba                  OC5CON2 = 0x1ba
                    0x01ba                  _OC5CON2 = 0x1ba
                    0x01ba                  _OC5CON2bits = 0x1ba
                    0x01bc                  OC5RS = 0x1bc
                    0x01bc                  _OC5RS = 0x1bc
                    0x01be                  OC5R = 0x1be
                    0x01be                  _OC5R = 0x1be
                    0x01c0                  OC5TMR = 0x1c0
                    0x01c0                  _OC5TMR = 0x1c0
                    0x01c2                  OC6CON1 = 0x1c2
                    0x01c2                  _OC6CON1 = 0x1c2
                    0x01c2                  _OC6CON1bits = 0x1c2
                    0x01c4                  OC6CON2 = 0x1c4
                    0x01c4                  _OC6CON2 = 0x1c4
                    0x01c4                  _OC6CON2bits = 0x1c4
                    0x01c6                  OC6RS = 0x1c6
                    0x01c6                  _OC6RS = 0x1c6
                    0x01c8                  OC6R = 0x1c8
                    0x01c8                  _OC6R = 0x1c8
                    0x01ca                  OC6TMR = 0x1ca
                    0x01ca                  _OC6TMR = 0x1ca
                    0x01cc                  OC7CON1 = 0x1cc
                    0x01cc                  _OC7CON1 = 0x1cc
                    0x01cc                  _OC7CON1bits = 0x1cc
                    0x01ce                  OC7CON2 = 0x1ce
                    0x01ce                  _OC7CON2 = 0x1ce
                    0x01ce                  _OC7CON2bits = 0x1ce
                    0x01d0                  OC7RS = 0x1d0
                    0x01d0                  _OC7RS = 0x1d0
                    0x01d2                  OC7R = 0x1d2
                    0x01d2                  _OC7R = 0x1d2
                    0x01d4                  OC7TMR = 0x1d4
                    0x01d4                  _OC7TMR = 0x1d4
                    0x0200                  I2C1RCV = 0x200
                    0x0200                  _I2C1RCV = 0x200
                    0x0202                  I2C1TRN = 0x202
                    0x0202                  _I2C1TRN = 0x202
                    0x0204                  I2C1BRG = 0x204
                    0x0204                  _I2C1BRG = 0x204
                    0x0206                  I2C1CON = 0x206
                    0x0206                  _I2C1CON = 0x206
                    0x0206                  _I2C1CONbits = 0x206
                    0x0208                  I2C1STAT = 0x208
                    0x0208                  _I2C1STAT = 0x208
                    0x0208                  _I2C1STATbits = 0x208
                    0x020a                  I2C1ADD = 0x20a
                    0x020a                  _I2C1ADD = 0x20a
                    0x020c                  I2C1MSK = 0x20c
                    0x020c                  _I2C1MSK = 0x20c
                    0x0210                  I2C2RCV = 0x210
                    0x0210                  _I2C2RCV = 0x210
                    0x0212                  I2C2TRN = 0x212
                    0x0212                  _I2C2TRN = 0x212
                    0x0214                  I2C2BRG = 0x214
                    0x0214                  _I2C2BRG = 0x214
                    0x0216                  I2C2CON = 0x216
                    0x0216                  _I2C2CON = 0x216
                    0x0216                  _I2C2CONbits = 0x216
                    0x0218                  I2C2STAT = 0x218
                    0x0218                  _I2C2STAT = 0x218
                    0x0218                  _I2C2STATbits = 0x218
                    0x021a                  I2C2ADD = 0x21a
                    0x021a                  _I2C2ADD = 0x21a
                    0x021c                  I2C2MSK = 0x21c
                    0x021c                  _I2C2MSK = 0x21c
                    0x0220                  U1MODE = 0x220
                    0x0220                  _U1MODE = 0x220
                    0x0220                  _U1MODEbits = 0x220
                    0x0222                  U1STA = 0x222
                    0x0222                  _U1STA = 0x222
                    0x0222                  _U1STAbits = 0x222
                    0x0224                  U1TXREG = 0x224
                    0x0224                  _U1TXREG = 0x224
                    0x0224                  _U1TXREGbits = 0x224
                    0x0226                  U1RXREG = 0x226
                    0x0226                  _U1RXREG = 0x226
                    0x0226                  _U1RXREGbits = 0x226
                    0x0228                  U1BRG = 0x228
                    0x0228                  _U1BRG = 0x228
                    0x0230                  U2MODE = 0x230
                    0x0230                  _U2MODE = 0x230
                    0x0230                  _U2MODEbits = 0x230
                    0x0232                  U2STA = 0x232
                    0x0232                  _U2STA = 0x232
                    0x0232                  _U2STAbits = 0x232
                    0x0234                  U2TXREG = 0x234
                    0x0234                  _U2TXREG = 0x234
                    0x0234                  _U2TXREGbits = 0x234
                    0x0236                  U2RXREG = 0x236
                    0x0236                  _U2RXREG = 0x236
                    0x0236                  _U2RXREGbits = 0x236
                    0x0238                  U2BRG = 0x238
                    0x0238                  _U2BRG = 0x238
                    0x0240                  SPI1STAT = 0x240
                    0x0240                  _SPI1STAT = 0x240
                    0x0240                  _SPI1STATbits = 0x240
                    0x0242                  SPI1CON1 = 0x242
                    0x0242                  _SPI1CON1 = 0x242
                    0x0242                  _SPI1CON1bits = 0x242
                    0x0244                  SPI1CON2 = 0x244
                    0x0244                  _SPI1CON2 = 0x244
                    0x0244                  _SPI1CON2bits = 0x244
                    0x0248                  SPI1BUF = 0x248
                    0x0248                  _SPI1BUF = 0x248
                    0x0250                  U3MODE = 0x250
                    0x0250                  _U3MODE = 0x250
                    0x0250                  _U3MODEbits = 0x250
                    0x0252                  U3STA = 0x252
                    0x0252                  _U3STA = 0x252
                    0x0252                  _U3STAbits = 0x252
                    0x0254                  U3TXREG = 0x254
                    0x0254                  _U3TXREG = 0x254
                    0x0254                  _U3TXREGbits = 0x254
                    0x0256                  U3RXREG = 0x256
                    0x0256                  _U3RXREG = 0x256
                    0x0256                  _U3RXREGbits = 0x256
                    0x0258                  U3BRG = 0x258
                    0x0258                  _U3BRG = 0x258
                    0x0260                  SPI2STAT = 0x260
                    0x0260                  _SPI2STAT = 0x260
                    0x0260                  _SPI2STATbits = 0x260
                    0x0262                  SPI2CON1 = 0x262
                    0x0262                  _SPI2CON1 = 0x262
                    0x0262                  _SPI2CON1bits = 0x262
                    0x0264                  SPI2CON2 = 0x264
                    0x0264                  _SPI2CON2 = 0x264
                    0x0264                  _SPI2CON2bits = 0x264
                    0x0268                  SPI2BUF = 0x268
                    0x0268                  _SPI2BUF = 0x268
                    0x02b0                  U4MODE = 0x2b0
                    0x02b0                  _U4MODE = 0x2b0
                    0x02b0                  _U4MODEbits = 0x2b0
                    0x02b2                  U4STA = 0x2b2
                    0x02b2                  _U4STA = 0x2b2
                    0x02b2                  _U4STAbits = 0x2b2
                    0x02b4                  U4TXREG = 0x2b4
                    0x02b4                  _U4TXREG = 0x2b4
                    0x02b4                  _U4TXREGbits = 0x2b4
                    0x02b6                  U4RXREG = 0x2b6
                    0x02b6                  _U4RXREG = 0x2b6
                    0x02b6                  _U4RXREGbits = 0x2b6
                    0x02b8                  U4BRG = 0x2b8
                    0x02b8                  _U4BRG = 0x2b8
                    0x02c8                  TRISB = 0x2c8
                    0x02c8                  _TRISB = 0x2c8
                    0x02c8                  _TRISBbits = 0x2c8
                    0x02ca                  PORTB = 0x2ca
                    0x02ca                  _PORTB = 0x2ca
                    0x02ca                  _PORTBbits = 0x2ca
                    0x02cc                  LATB = 0x2cc
                    0x02cc                  _LATB = 0x2cc
                    0x02cc                  _LATBbits = 0x2cc
                    0x02ce                  ODCB = 0x2ce
                    0x02ce                  _ODCB = 0x2ce
                    0x02ce                  _ODCBbits = 0x2ce
                    0x02d0                  TRISC = 0x2d0
                    0x02d0                  _TRISC = 0x2d0
                    0x02d0                  _TRISCbits = 0x2d0
                    0x02d2                  PORTC = 0x2d2
                    0x02d2                  _PORTC = 0x2d2
                    0x02d2                  _PORTCbits = 0x2d2
                    0x02d4                  LATC = 0x2d4
                    0x02d4                  _LATC = 0x2d4
                    0x02d4                  _LATCbits = 0x2d4
                    0x02d6                  ODCC = 0x2d6
                    0x02d6                  _ODCC = 0x2d6
                    0x02d6                  _ODCCbits = 0x2d6
                    0x02d8                  TRISD = 0x2d8
                    0x02d8                  _TRISD = 0x2d8
                    0x02d8                  _TRISDbits = 0x2d8
                    0x02da                  PORTD = 0x2da
                    0x02da                  _PORTD = 0x2da
                    0x02da                  _PORTDbits = 0x2da
                    0x02dc                  LATD = 0x2dc
                    0x02dc                  _LATD = 0x2dc
                    0x02dc                  _LATDbits = 0x2dc
                    0x02de                  ODCD = 0x2de
                    0x02de                  _ODCD = 0x2de
                    0x02de                  _ODCDbits = 0x2de
                    0x02e0                  TRISE = 0x2e0
                    0x02e0                  _TRISE = 0x2e0
                    0x02e0                  _TRISEbits = 0x2e0
                    0x02e2                  PORTE = 0x2e2
                    0x02e2                  _PORTE = 0x2e2
                    0x02e2                  _PORTEbits = 0x2e2
                    0x02e4                  LATE = 0x2e4
                    0x02e4                  _LATE = 0x2e4
                    0x02e4                  _LATEbits = 0x2e4
                    0x02e6                  ODCE = 0x2e6
                    0x02e6                  _ODCE = 0x2e6
                    0x02e6                  _ODCEbits = 0x2e6
                    0x02e8                  TRISF = 0x2e8
                    0x02e8                  _TRISF = 0x2e8
                    0x02e8                  _TRISFbits = 0x2e8
                    0x02ea                  PORTF = 0x2ea
                    0x02ea                  _PORTF = 0x2ea
                    0x02ea                  _PORTFbits = 0x2ea
                    0x02ec                  LATF = 0x2ec
                    0x02ec                  _LATF = 0x2ec
                    0x02ec                  _LATFbits = 0x2ec
                    0x02ee                  ODCF = 0x2ee
                    0x02ee                  _ODCF = 0x2ee
                    0x02ee                  _ODCFbits = 0x2ee
                    0x02f0                  TRISG = 0x2f0
                    0x02f0                  _TRISG = 0x2f0
                    0x02f0                  _TRISGbits = 0x2f0
                    0x02f2                  PORTG = 0x2f2
                    0x02f2                  _PORTG = 0x2f2
                    0x02f2                  _PORTGbits = 0x2f2
                    0x02f4                  LATG = 0x2f4
                    0x02f4                  _LATG = 0x2f4
                    0x02f4                  _LATGbits = 0x2f4
                    0x02f6                  ODCG = 0x2f6
                    0x02f6                  _ODCG = 0x2f6
                    0x02f6                  _ODCGbits = 0x2f6
                    0x02fc                  PADCFG1 = 0x2fc
                    0x02fc                  _PADCFG1 = 0x2fc
                    0x02fc                  _PADCFG1bits = 0x2fc
                    0x0300                  ADC1BUF0 = 0x300
                    0x0300                  _ADC1BUF0 = 0x300
                    0x0302                  ADC1BUF1 = 0x302
                    0x0302                  _ADC1BUF1 = 0x302
                    0x0304                  ADC1BUF2 = 0x304
                    0x0304                  _ADC1BUF2 = 0x304
                    0x0306                  ADC1BUF3 = 0x306
                    0x0306                  _ADC1BUF3 = 0x306
                    0x0308                  ADC1BUF4 = 0x308
                    0x0308                  _ADC1BUF4 = 0x308
                    0x030a                  ADC1BUF5 = 0x30a
                    0x030a                  _ADC1BUF5 = 0x30a
                    0x030c                  ADC1BUF6 = 0x30c
                    0x030c                  _ADC1BUF6 = 0x30c
                    0x030e                  ADC1BUF7 = 0x30e
                    0x030e                  _ADC1BUF7 = 0x30e
                    0x0310                  ADC1BUF8 = 0x310
                    0x0310                  _ADC1BUF8 = 0x310
                    0x0312                  ADC1BUF9 = 0x312
                    0x0312                  _ADC1BUF9 = 0x312
                    0x0314                  ADC1BUF10 = 0x314
                    0x0314                  _ADC1BUF10 = 0x314
                    0x0316                  ADC1BUF11 = 0x316
                    0x0316                  _ADC1BUF11 = 0x316
                    0x0318                  ADC1BUF12 = 0x318
                    0x0318                  _ADC1BUF12 = 0x318
                    0x031a                  ADC1BUF13 = 0x31a
                    0x031a                  _ADC1BUF13 = 0x31a
                    0x031c                  ADC1BUF14 = 0x31c
                    0x031c                  _ADC1BUF14 = 0x31c
                    0x031e                  ADC1BUF15 = 0x31e
                    0x031e                  _ADC1BUF15 = 0x31e
                    0x0330                  ADC1BUF24 = 0x330
                    0x0330                  _ADC1BUF24 = 0x330
                    0x0332                  ADC1BUF25 = 0x332
                    0x0332                  _ADC1BUF25 = 0x332
                    0x0340                  AD1CON1 = 0x340
                    0x0340                  _AD1CON1 = 0x340
                    0x0340                  _AD1CON1bits = 0x340
                    0x0342                  AD1CON2 = 0x342
                    0x0342                  _AD1CON2 = 0x342
                    0x0342                  _AD1CON2bits = 0x342
                    0x0344                  AD1CON3 = 0x344
                    0x0344                  _AD1CON3 = 0x344
                    0x0344                  _AD1CON3bits = 0x344
                    0x0348                  AD1CHS = 0x348
                    0x0348                  _AD1CHS = 0x348
                    0x0348                  _AD1CHSbits = 0x348
                    0x0348                  AD1CHS0 = 0x348
                    0x0348                  _AD1CHS0 = 0x348
                    0x0348                  _AD1CHS0bits = 0x348
                    0x034e                  AD1CSSH = 0x34e
                    0x034e                  _AD1CSSH = 0x34e
                    0x034e                  _AD1CSSHbits = 0x34e
                    0x0350                  AD1CSSL = 0x350
                    0x0350                  _AD1CSSL = 0x350
                    0x0350                  _AD1CSSLbits = 0x350
                    0x0352                  AD1CON4 = 0x352
                    0x0352                  _AD1CON4 = 0x352
                    0x0352                  _AD1CON4bits = 0x352
                    0x0354                  AD1CON5 = 0x354
                    0x0354                  _AD1CON5 = 0x354
                    0x0354                  _AD1CON5bits = 0x354
                    0x0358                  AD1CHITL = 0x358
                    0x0358                  _AD1CHITL = 0x358
                    0x0358                  _AD1CHITLbits = 0x358
                    0x035a                  CTMUCON1 = 0x35a
                    0x035a                  _CTMUCON1 = 0x35a
                    0x035a                  _CTMUCON1bits = 0x35a
                    0x035c                  CTMUCON2 = 0x35c
                    0x035c                  _CTMUCON2 = 0x35c
                    0x035c                  _CTMUCON2bits = 0x35c
                    0x035e                  CTMUICON = 0x35e
                    0x035e                  _CTMUICON = 0x35e
                    0x035e                  _CTMUICONbits = 0x35e
                    0x0360                  AD1CTMENH = 0x360
                    0x0360                  _AD1CTMENH = 0x360
                    0x0360                  _AD1CTMENHbits = 0x360
                    0x0362                  AD1CTMENL = 0x362
                    0x0362                  _AD1CTMENL = 0x362
                    0x0362                  _AD1CTMENLbits = 0x362
                    0x0364                  AD1DMBUF = 0x364
                    0x0364                  _AD1DMBUF = 0x364
                    0x0380                  DMACON = 0x380
                    0x0380                  _DMACON = 0x380
                    0x0380                  _DMACONbits = 0x380
                    0x0382                  DMABUF = 0x382
                    0x0382                  _DMABUF = 0x382
                    0x0384                  DMAL = 0x384
                    0x0384                  _DMAL = 0x384
                    0x0386                  DMAH = 0x386
                    0x0386                  _DMAH = 0x386
                    0x0388                  DMACH0 = 0x388
                    0x0388                  _DMACH0 = 0x388
                    0x0388                  _DMACH0bits = 0x388
                    0x038a                  DMAINT0 = 0x38a
                    0x038a                  _DMAINT0 = 0x38a
                    0x038a                  _DMAINT0bits = 0x38a
                    0x038c                  DMASRC0 = 0x38c
                    0x038c                  _DMASRC0 = 0x38c
                    0x038e                  DMADST0 = 0x38e
                    0x038e                  _DMADST0 = 0x38e
                    0x0390                  DMACNT0 = 0x390
                    0x0390                  _DMACNT0 = 0x390
                    0x0392                  DMACH1 = 0x392
                    0x0392                  _DMACH1 = 0x392
                    0x0392                  _DMACH1bits = 0x392
                    0x0394                  DMAINT1 = 0x394
                    0x0394                  _DMAINT1 = 0x394
                    0x0394                  _DMAINT1bits = 0x394
                    0x0396                  DMASRC1 = 0x396
                    0x0396                  _DMASRC1 = 0x396
                    0x0398                  DMADST1 = 0x398
                    0x0398                  _DMADST1 = 0x398
                    0x039a                  DMACNT1 = 0x39a
                    0x039a                  _DMACNT1 = 0x39a
                    0x039c                  DMACH2 = 0x39c
                    0x039c                  _DMACH2 = 0x39c
                    0x039c                  _DMACH2bits = 0x39c
                    0x039e                  DMAINT2 = 0x39e
                    0x039e                  _DMAINT2 = 0x39e
                    0x039e                  _DMAINT2bits = 0x39e
                    0x03a0                  DMASRC2 = 0x3a0
                    0x03a0                  _DMASRC2 = 0x3a0
                    0x03a2                  DMADST2 = 0x3a2
                    0x03a2                  _DMADST2 = 0x3a2
                    0x03a4                  DMACNT2 = 0x3a4
                    0x03a4                  _DMACNT2 = 0x3a4
                    0x03a6                  DMACH3 = 0x3a6
                    0x03a6                  _DMACH3 = 0x3a6
                    0x03a6                  _DMACH3bits = 0x3a6
                    0x03a8                  DMAINT3 = 0x3a8
                    0x03a8                  _DMAINT3 = 0x3a8
                    0x03a8                  _DMAINT3bits = 0x3a8
                    0x03aa                  DMASRC3 = 0x3aa
                    0x03aa                  _DMASRC3 = 0x3aa
                    0x03ac                  DMADST3 = 0x3ac
                    0x03ac                  _DMADST3 = 0x3ac
                    0x03ae                  DMACNT3 = 0x3ae
                    0x03ae                  _DMACNT3 = 0x3ae
                    0x03b0                  DMACH4 = 0x3b0
                    0x03b0                  _DMACH4 = 0x3b0
                    0x03b0                  _DMACH4bits = 0x3b0
                    0x03b2                  DMAINT4 = 0x3b2
                    0x03b2                  _DMAINT4 = 0x3b2
                    0x03b2                  _DMAINT4bits = 0x3b2
                    0x03b4                  DMASRC4 = 0x3b4
                    0x03b4                  _DMASRC4 = 0x3b4
                    0x03b6                  DMADST4 = 0x3b6
                    0x03b6                  _DMADST4 = 0x3b6
                    0x03b8                  DMACNT4 = 0x3b8
                    0x03b8                  _DMACNT4 = 0x3b8
                    0x03ba                  DMACH5 = 0x3ba
                    0x03ba                  _DMACH5 = 0x3ba
                    0x03ba                  _DMACH5bits = 0x3ba
                    0x03bc                  DMAINT5 = 0x3bc
                    0x03bc                  _DMAINT5 = 0x3bc
                    0x03bc                  _DMAINT5bits = 0x3bc
                    0x03be                  DMASRC5 = 0x3be
                    0x03be                  _DMASRC5 = 0x3be
                    0x03c0                  DMADST5 = 0x3c0
                    0x03c0                  _DMADST5 = 0x3c0
                    0x03c2                  DMACNT5 = 0x3c2
                    0x03c2                  _DMACNT5 = 0x3c2
                    0x04de                  ANCFG = 0x4de
                    0x04de                  _ANCFG = 0x4de
                    0x04de                  _ANCFGbits = 0x4de
                    0x04e2                  ANSB = 0x4e2
                    0x04e2                  _ANSB = 0x4e2
                    0x04e2                  _ANSBbits = 0x4e2
                    0x04e6                  ANSD = 0x4e6
                    0x04e6                  _ANSD = 0x4e6
                    0x04e6                  _ANSDbits = 0x4e6
                    0x04e8                  ANSE = 0x4e8
                    0x04e8                  _ANSE = 0x4e8
                    0x04e8                  _ANSEbits = 0x4e8
                    0x04ec                  ANSG = 0x4ec
                    0x04ec                  _ANSG = 0x4ec
                    0x04ec                  _ANSGbits = 0x4ec
                    0x0580                  LCDREG = 0x580
                    0x0580                  _LCDREG = 0x580
                    0x0580                  _LCDREGbits = 0x580
                    0x0582                  LCDREF = 0x582
                    0x0582                  _LCDREF = 0x582
                    0x0582                  _LCDREFbits = 0x582
                    0x0584                  LCDCON = 0x584
                    0x0584                  _LCDCON = 0x584
                    0x0584                  _LCDCONbits = 0x584
                    0x0586                  LCDPS = 0x586
                    0x0586                  _LCDPS = 0x586
                    0x0586                  _LCDPSbits = 0x586
                    0x0588                  LCDSE0 = 0x588
                    0x0588                  _LCDSE0 = 0x588
                    0x0588                  _LCDSE0bits = 0x588
                    0x058a                  LCDSE1 = 0x58a
                    0x058a                  _LCDSE1 = 0x58a
                    0x058a                  _LCDSE1bits = 0x58a
                    0x058c                  LCDSE2 = 0x58c
                    0x058c                  _LCDSE2 = 0x58c
                    0x058c                  _LCDSE2bits = 0x58c
                    0x058e                  LCDSE3 = 0x58e
                    0x058e                  _LCDSE3 = 0x58e
                    0x058e                  _LCDSE3bits = 0x58e
                    0x0590                  LCDDATA0 = 0x590
                    0x0590                  _LCDDATA0 = 0x590
                    0x0590                  _LCDDATA0bits = 0x590
                    0x0592                  LCDDATA1 = 0x592
                    0x0592                  _LCDDATA1 = 0x592
                    0x0592                  _LCDDATA1bits = 0x592
                    0x0594                  LCDDATA2 = 0x594
                    0x0594                  _LCDDATA2 = 0x594
                    0x0594                  _LCDDATA2bits = 0x594
                    0x0596                  LCDDATA3 = 0x596
                    0x0596                  _LCDDATA3 = 0x596
                    0x0596                  _LCDDATA3bits = 0x596
                    0x0598                  LCDDATA4 = 0x598
                    0x0598                  _LCDDATA4 = 0x598
                    0x0598                  _LCDDATA4bits = 0x598
                    0x059a                  LCDDATA5 = 0x59a
                    0x059a                  _LCDDATA5 = 0x59a
                    0x059a                  _LCDDATA5bits = 0x59a
                    0x059c                  LCDDATA6 = 0x59c
                    0x059c                  _LCDDATA6 = 0x59c
                    0x059c                  _LCDDATA6bits = 0x59c
                    0x059e                  LCDDATA7 = 0x59e
                    0x059e                  _LCDDATA7 = 0x59e
                    0x059e                  _LCDDATA7bits = 0x59e
                    0x05a0                  LCDDATA8 = 0x5a0
                    0x05a0                  _LCDDATA8 = 0x5a0
                    0x05a0                  _LCDDATA8bits = 0x5a0
                    0x05a2                  LCDDATA9 = 0x5a2
                    0x05a2                  _LCDDATA9 = 0x5a2
                    0x05a2                  _LCDDATA9bits = 0x5a2
                    0x05a4                  LCDDATA10 = 0x5a4
                    0x05a4                  _LCDDATA10 = 0x5a4
                    0x05a4                  _LCDDATA10bits = 0x5a4
                    0x05a6                  LCDDATA11 = 0x5a6
                    0x05a6                  _LCDDATA11 = 0x5a6
                    0x05a6                  _LCDDATA11bits = 0x5a6
                    0x05a8                  LCDDATA12 = 0x5a8
                    0x05a8                  _LCDDATA12 = 0x5a8
                    0x05a8                  _LCDDATA12bits = 0x5a8
                    0x05aa                  LCDDATA13 = 0x5aa
                    0x05aa                  _LCDDATA13 = 0x5aa
                    0x05aa                  _LCDDATA13bits = 0x5aa
                    0x05ac                  LCDDATA14 = 0x5ac
                    0x05ac                  _LCDDATA14 = 0x5ac
                    0x05ac                  _LCDDATA14bits = 0x5ac
                    0x05ae                  LCDDATA15 = 0x5ae
                    0x05ae                  _LCDDATA15 = 0x5ae
                    0x05ae                  _LCDDATA15bits = 0x5ae
                    0x05b0                  LCDDATA16 = 0x5b0
                    0x05b0                  _LCDDATA16 = 0x5b0
                    0x05b0                  _LCDDATA16bits = 0x5b0
                    0x05b2                  LCDDATA17 = 0x5b2
                    0x05b2                  _LCDDATA17 = 0x5b2
                    0x05b2                  _LCDDATA17bits = 0x5b2
                    0x05b4                  LCDDATA18 = 0x5b4
                    0x05b4                  _LCDDATA18 = 0x5b4
                    0x05b4                  _LCDDATA18bits = 0x5b4
                    0x05b6                  LCDDATA19 = 0x5b6
                    0x05b6                  _LCDDATA19 = 0x5b6
                    0x05b6                  _LCDDATA19bits = 0x5b6
                    0x05b8                  LCDDATA20 = 0x5b8
                    0x05b8                  _LCDDATA20 = 0x5b8
                    0x05b8                  _LCDDATA20bits = 0x5b8
                    0x05ba                  LCDDATA21 = 0x5ba
                    0x05ba                  _LCDDATA21 = 0x5ba
                    0x05ba                  _LCDDATA21bits = 0x5ba
                    0x05bc                  LCDDATA22 = 0x5bc
                    0x05bc                  _LCDDATA22 = 0x5bc
                    0x05bc                  _LCDDATA22bits = 0x5bc
                    0x05be                  LCDDATA23 = 0x5be
                    0x05be                  _LCDDATA23 = 0x5be
                    0x05be                  _LCDDATA23bits = 0x5be
                    0x05c0                  LCDDATA24 = 0x5c0
                    0x05c0                  _LCDDATA24 = 0x5c0
                    0x05c0                  _LCDDATA24bits = 0x5c0
                    0x05c2                  LCDDATA25 = 0x5c2
                    0x05c2                  _LCDDATA25 = 0x5c2
                    0x05c2                  _LCDDATA25bits = 0x5c2
                    0x05c4                  LCDDATA26 = 0x5c4
                    0x05c4                  _LCDDATA26 = 0x5c4
                    0x05c4                  _LCDDATA26bits = 0x5c4
                    0x05c6                  LCDDATA27 = 0x5c6
                    0x05c6                  _LCDDATA27 = 0x5c6
                    0x05c6                  _LCDDATA27bits = 0x5c6
                    0x05c8                  LCDDATA28 = 0x5c8
                    0x05c8                  _LCDDATA28 = 0x5c8
                    0x05c8                  _LCDDATA28bits = 0x5c8
                    0x05ca                  LCDDATA29 = 0x5ca
                    0x05ca                  _LCDDATA29 = 0x5ca
                    0x05ca                  _LCDDATA29bits = 0x5ca
                    0x05cc                  LCDDATA30 = 0x5cc
                    0x05cc                  _LCDDATA30 = 0x5cc
                    0x05cc                  _LCDDATA30bits = 0x5cc
                    0x05ce                  LCDDATA31 = 0x5ce
                    0x05ce                  _LCDDATA31 = 0x5ce
                    0x05ce                  _LCDDATA31bits = 0x5ce
                    0x0600                  PMCON1 = 0x600
                    0x0600                  _PMCON1 = 0x600
                    0x0600                  _PMCON1bits = 0x600
                    0x0602                  PMCON2 = 0x602
                    0x0602                  _PMCON2 = 0x602
                    0x0602                  _PMCON2bits = 0x602
                    0x0604                  PMCON3 = 0x604
                    0x0604                  _PMCON3 = 0x604
                    0x0604                  _PMCON3bits = 0x604
                    0x0606                  PMCON4 = 0x606
                    0x0606                  _PMCON4 = 0x606
                    0x0606                  _PMCON4bits = 0x606
                    0x0608                  PMCS1CF = 0x608
                    0x0608                  _PMCS1CF = 0x608
                    0x0608                  _PMCS1CFbits = 0x608
                    0x060a                  PMCS1BS = 0x60a
                    0x060a                  _PMCS1BS = 0x60a
                    0x060a                  _PMCS1BSbits = 0x60a
                    0x060c                  PMCS1MD = 0x60c
                    0x060c                  _PMCS1MD = 0x60c
                    0x060c                  _PMCS1MDbits = 0x60c
                    0x060e                  PMCS2CF = 0x60e
                    0x060e                  _PMCS2CF = 0x60e
                    0x060e                  _PMCS2CFbits = 0x60e
                    0x0610                  PMCS2BS = 0x610
                    0x0610                  _PMCS2BS = 0x610
                    0x0610                  _PMCS2BSbits = 0x610
                    0x0612                  PMCS2MD = 0x612
                    0x0612                  _PMCS2MD = 0x612
                    0x0612                  _PMCS2MDbits = 0x612
                    0x0614                  PMDOUT1 = 0x614
                    0x0614                  _PMDOUT1 = 0x614
                    0x0616                  PMDOUT2 = 0x616
                    0x0616                  _PMDOUT2 = 0x616
                    0x0618                  PMDIN1 = 0x618
                    0x0618                  _PMDIN1 = 0x618
                    0x061a                  PMDIN2 = 0x61a
                    0x061a                  _PMDIN2 = 0x61a
                    0x061c                  PMSTAT = 0x61c
                    0x061c                  _PMSTAT = 0x61c
                    0x061c                  _PMSTATbits = 0x61c
                    0x0620                  ALRMVAL = 0x620
                    0x0620                  _ALRMVAL = 0x620
                    0x0622                  ALCFGRPT = 0x622
                    0x0622                  _ALCFGRPT = 0x622
                    0x0622                  _ALCFGRPTbits = 0x622
                    0x0624                  RTCVAL = 0x624
                    0x0624                  _RTCVAL = 0x624
                    0x0626                  RCFGCAL = 0x626
                    0x0626                  _RCFGCAL = 0x626
                    0x0626                  _RCFGCALbits = 0x626
                    0x0628                  RTCPWC = 0x628
                    0x0628                  _RTCPWC = 0x628
                    0x0628                  _RTCPWCbits = 0x628